Archive member included to satisfy reference by file (symbol)

/home/makoto/.pico-sdk/toolchain/13_2_Rel1/bin/../lib/gcc/arm-none-eabi/13.2.1/thumb/v6-m/nofp/libgcc.a(_dvmd_tls.o)
                              src/CMakeFiles/Pico_Game_Controller.dir/home/makoto/.pico-sdk/sdk/2.0.0/src/rp2_common/pico_divider/divider_hardware.S.obj (__aeabi_idiv0)
/home/makoto/.pico-sdk/toolchain/13_2_Rel1/bin/../lib/gcc/arm-none-eabi/13.2.1/../../../../arm-none-eabi/lib/thumb/v6-m/nofp/libg.a(libc_a-lcltime_r.o)
                              src/CMakeFiles/Pico_Game_Controller.dir/home/makoto/.pico-sdk/sdk/2.0.0/src/common/pico_util/datetime.c.obj (localtime_r)
/home/makoto/.pico-sdk/toolchain/13_2_Rel1/bin/../lib/gcc/arm-none-eabi/13.2.1/../../../../arm-none-eabi/lib/thumb/v6-m/nofp/libg.a(libc_a-mktime.o)
                              src/CMakeFiles/Pico_Game_Controller.dir/home/makoto/.pico-sdk/sdk/2.0.0/src/common/pico_util/datetime.c.obj (mktime)
/home/makoto/.pico-sdk/toolchain/13_2_Rel1/bin/../lib/gcc/arm-none-eabi/13.2.1/../../../../arm-none-eabi/lib/thumb/v6-m/nofp/libg.a(libc_a-month_lengths.o)
                              /home/makoto/.pico-sdk/toolchain/13_2_Rel1/bin/../lib/gcc/arm-none-eabi/13.2.1/../../../../arm-none-eabi/lib/thumb/v6-m/nofp/libg.a(libc_a-lcltime_r.o) (__month_lengths)
/home/makoto/.pico-sdk/toolchain/13_2_Rel1/bin/../lib/gcc/arm-none-eabi/13.2.1/../../../../arm-none-eabi/lib/thumb/v6-m/nofp/libg.a(libc_a-tzcalc_limits.o)
                              /home/makoto/.pico-sdk/toolchain/13_2_Rel1/bin/../lib/gcc/arm-none-eabi/13.2.1/../../../../arm-none-eabi/lib/thumb/v6-m/nofp/libg.a(libc_a-lcltime_r.o) (__tzcalc_limits)
/home/makoto/.pico-sdk/toolchain/13_2_Rel1/bin/../lib/gcc/arm-none-eabi/13.2.1/../../../../arm-none-eabi/lib/thumb/v6-m/nofp/libg.a(libc_a-tzlock.o)
                              /home/makoto/.pico-sdk/toolchain/13_2_Rel1/bin/../lib/gcc/arm-none-eabi/13.2.1/../../../../arm-none-eabi/lib/thumb/v6-m/nofp/libg.a(libc_a-lcltime_r.o) (__tz_lock)
/home/makoto/.pico-sdk/toolchain/13_2_Rel1/bin/../lib/gcc/arm-none-eabi/13.2.1/../../../../arm-none-eabi/lib/thumb/v6-m/nofp/libg.a(libc_a-malloc.o)
                              src/CMakeFiles/Pico_Game_Controller.dir/home/makoto/.pico-sdk/sdk/2.0.0/src/rp2_common/pico_malloc/malloc.c.obj (malloc)
/home/makoto/.pico-sdk/toolchain/13_2_Rel1/bin/../lib/gcc/arm-none-eabi/13.2.1/../../../../arm-none-eabi/lib/thumb/v6-m/nofp/libg.a(libc_a-mallocr.o)
                              /home/makoto/.pico-sdk/toolchain/13_2_Rel1/bin/../lib/gcc/arm-none-eabi/13.2.1/../../../../arm-none-eabi/lib/thumb/v6-m/nofp/libg.a(libc_a-malloc.o) (_malloc_r)
/home/makoto/.pico-sdk/toolchain/13_2_Rel1/bin/../lib/gcc/arm-none-eabi/13.2.1/../../../../arm-none-eabi/lib/thumb/v6-m/nofp/libg.a(libc_a-memcmp.o)
                              src/CMakeFiles/Pico_Game_Controller.dir/home/makoto/.pico-sdk/sdk/2.0.0/src/rp2_common/pico_atomic/atomic.c.obj (memcmp)
/home/makoto/.pico-sdk/toolchain/13_2_Rel1/bin/../lib/gcc/arm-none-eabi/13.2.1/../../../../arm-none-eabi/lib/thumb/v6-m/nofp/libg.a(libc_a-tzset.o)
                              /home/makoto/.pico-sdk/toolchain/13_2_Rel1/bin/../lib/gcc/arm-none-eabi/13.2.1/../../../../arm-none-eabi/lib/thumb/v6-m/nofp/libg.a(libc_a-lcltime_r.o) (_tzset_unlocked)
/home/makoto/.pico-sdk/toolchain/13_2_Rel1/bin/../lib/gcc/arm-none-eabi/13.2.1/../../../../arm-none-eabi/lib/thumb/v6-m/nofp/libg.a(libc_a-tzset_r.o)
                              /home/makoto/.pico-sdk/toolchain/13_2_Rel1/bin/../lib/gcc/arm-none-eabi/13.2.1/../../../../arm-none-eabi/lib/thumb/v6-m/nofp/libg.a(libc_a-tzset.o) (_tzset_unlocked_r)
/home/makoto/.pico-sdk/toolchain/13_2_Rel1/bin/../lib/gcc/arm-none-eabi/13.2.1/../../../../arm-none-eabi/lib/thumb/v6-m/nofp/libg.a(libc_a-init.o)
                              /home/makoto/.pico-sdk/toolchain/13_2_Rel1/bin/../lib/gcc/arm-none-eabi/13.2.1/../../../../arm-none-eabi/lib/thumb/v6-m/nofp/crt0.o (__libc_init_array)
/home/makoto/.pico-sdk/toolchain/13_2_Rel1/bin/../lib/gcc/arm-none-eabi/13.2.1/../../../../arm-none-eabi/lib/thumb/v6-m/nofp/libg.a(libc_a-tzvars.o)
                              /home/makoto/.pico-sdk/toolchain/13_2_Rel1/bin/../lib/gcc/arm-none-eabi/13.2.1/../../../../arm-none-eabi/lib/thumb/v6-m/nofp/libg.a(libc_a-tzset_r.o) (_timezone)
/home/makoto/.pico-sdk/toolchain/13_2_Rel1/bin/../lib/gcc/arm-none-eabi/13.2.1/../../../../arm-none-eabi/lib/thumb/v6-m/nofp/libg.a(libc_a-lock.o)
                              /home/makoto/.pico-sdk/toolchain/13_2_Rel1/bin/../lib/gcc/arm-none-eabi/13.2.1/../../../../arm-none-eabi/lib/thumb/v6-m/nofp/libg.a(libc_a-tzlock.o) (__retarget_lock_acquire)
/home/makoto/.pico-sdk/toolchain/13_2_Rel1/bin/../lib/gcc/arm-none-eabi/13.2.1/../../../../arm-none-eabi/lib/thumb/v6-m/nofp/libg.a(libc_a-sysconf.o)
[...]
Memory Configuration

Name             Origin             Length             Attributes
FLASH            0x10000000         0x00200000         xr
RAM              0x20000000         0x00040000         xrw
SCRATCH_X        0x20040000         0x00001000         xrw
SCRATCH_Y        0x20041000         0x00001000         xrw
*default*        0x00000000         0xffffffff

Linker script and memory map

LOAD /home/makoto/.pico-sdk/toolchain/13_2_Rel1/bin/../lib/gcc/arm-none-eabi/13.2.1/thumb/v6-m/nofp/crti.o
LOAD /home/makoto/.pico-sdk/toolchain/13_2_Rel1/bin/../lib/gcc/arm-none-eabi/13.2.1/thumb/v6-m/nofp/crtbegin.o
LOAD /home/makoto/.pico-sdk/toolchain/13_2_Rel1/bin/../lib/gcc/arm-none-eabi/13.2.1/../../../../arm-none-eabi/lib/thumb/v6-m/nofp/crt0.o

.flash_begin    0x10000000        0x0
                0x10000000                        __flash_binary_start = .

.boot2          0x10000000      0x100
                0x10000000                        __boot2_start__ = .
 *(.boot2)
 .boot2         0x10000000      0x100 /tmp/ccx5Veom.o
                0x10000100                        __boot2_end__ = .
                0x00000001                        ASSERT (((__boot2_end__ - __boot2_start__) == 0x100), ERROR: Pico second stage bootloader must be 256 bytes in size)

.text           0x10000100     0x54d4
                0x10000100                        __logical_binary_start = .
 *(.vectors)
 .vectors       0x10000100       0xd4 src/CMakeFiles/Pico_Game_Controller.dir/home/makoto/.pico-sdk/sdk/2.0.0/src/rp2_common/pico_crt0/crt0.S.obj
                0x10000100                __vectors
                0x10000100                __VECTOR_TABLE
                0x100001c0                isr_invalid
                0x100001c0                __default_isrs_start
                0x100001c2                isr_nmi
                0x100001c4                isr_hardfault
                0x100001c6                isr_svcall
                0x100001c8                isr_pendsv
                0x100001ca                isr_systick
                0x100001cc                isr_irq30
                0x100001cc                __unhandled_user_irq
                0x100001cc                isr_irq13
                0x100001cc                isr_irq27
                0x100001cc                isr_irq31
                0x100001cc                isr_irq5
                0x100001cc                isr_irq11
                0x100001cc                isr_irq23
                0x100001cc                isr_irq18
                0x100001cc                isr_irq28
                0x100001cc                isr_irq19
                0x100001cc                isr_irq0
                0x100001cc                isr_irq6
                0x100001cc                isr_irq22
                0x100001cc                isr_irq17
                0x100001cc                isr_irq14
                0x100001cc                isr_irq2
                0x100001cc                isr_irq10
                0x100001cc                isr_irq8
                0x100001cc                isr_irq24
                0x100001cc                isr_irq1
                0x100001cc                isr_irq7
                0x100001cc                isr_irq21
                0x100001cc                isr_irq20
                0x100001cc                isr_irq15
                0x100001cc                isr_irq25
                0x100001cc                isr_irq4
                0x100001cc                isr_irq16
                0x100001cc                isr_irq29
                0x100001cc                isr_irq26
                0x100001cc                __default_isrs_end
                0x100001cc                isr_irq3
                0x100001cc                isr_irq12
                0x100001cc                isr_irq9
                0x100001d2                unhandled_user_irq_num_in_r0
 *(.binary_info_header)
 .binary_info_header
                0x100001d4       0x14 src/CMakeFiles/Pico_Game_Controller.dir/home/makoto/.pico-sdk/sdk/2.0.0/src/rp2_common/pico_crt0/crt0.S.obj
                0x100001e8                        __binary_info_header_end = .
 *(.embedded_block)
                0x100001e8                        __embedded_block_end = .
 *(.reset)
 .reset         0x100001e8       0x9c src/CMakeFiles/Pico_Game_Controller.dir/home/makoto/.pico-sdk/sdk/2.0.0/src/rp2_common/pico_crt0/crt0.S.obj
                0x100001e8                _entry_point
 *(.init)
 .init          0x10000284        0x4 /home/makoto/.pico-sdk/toolchain/13_2_Rel1/bin/../lib/gcc/arm-none-eabi/13.2.1/thumb/v6-m/nofp/crti.o
                0x10000284                _init
 *(EXCLUDE_FILE(*libm.a: *libc.a:*lib_a-mem*.o *libgcc.a:) .text*)
 .text.register_tm_clones
                0x10000288       0x28 /home/makoto/.pico-sdk/toolchain/13_2_Rel1/bin/../lib/gcc/arm-none-eabi/13.2.1/thumb/v6-m/nofp/crtbegin.o
 .text.frame_dummy
                0x100002b0       0x24 /home/makoto/.pico-sdk/toolchain/13_2_Rel1/bin/../lib/gcc/arm-none-eabi/13.2.1/thumb/v6-m/nofp/crtbegin.o
 .text.ws2812b_color_cycle
                0x100002d4       0x78 src/CMakeFiles/Pico_Game_Controller.dir/pico_game_controller.c.obj
                0x100002d4                ws2812b_color_cycle
 .text.turbocharger_color_cycle
                0x1000034c      0x550 src/CMakeFiles/Pico_Game_Controller.dir/pico_game_controller.c.obj
                0x1000034c                turbocharger_color_cycle
 .text.ws2812b_color_64
                0x1000089c       0x24 src/CMakeFiles/Pico_Game_Controller.dir/pico_game_controller.c.obj
                0x1000089c                ws2812b_color_64
 .text.ws2812b_color_128
                0x100008c0       0x24 src/CMakeFiles/Pico_Game_Controller.dir/pico_game_controller.c.obj
                0x100008c0                ws2812b_color_128
 .text.ws2812b_color_192
                0x100008e4       0x24 src/CMakeFiles/Pico_Game_Controller.dir/pico_game_controller.c.obj
                0x100008e4                ws2812b_color_192
 .text.ws2812b_color_256
                0x10000908       0x24 src/CMakeFiles/Pico_Game_Controller.dir/pico_game_controller.c.obj
                0x10000908                ws2812b_color_256
 .text.ws2812b_color_320
                0x1000092c       0x24 src/CMakeFiles/Pico_Game_Controller.dir/pico_game_controller.c.obj
                0x1000092c                ws2812b_color_320
 .text.ws2812b_color_384
                0x10000950       0x24 src/CMakeFiles/Pico_Game_Controller.dir/pico_game_controller.c.obj
                0x10000950                ws2812b_color_384
 .text.ws2812b_color_448
                0x10000974       0x24 src/CMakeFiles/Pico_Game_Controller.dir/pico_game_controller.c.obj
                0x10000974                ws2812b_color_448
 .text.ws2812b_color_512
                0x10000998       0x24 src/CMakeFiles/Pico_Game_Controller.dir/pico_game_controller.c.obj
                0x10000998                ws2812b_color_512
 .text.ws2812b_color_576
                0x100009bc       0x24 src/CMakeFiles/Pico_Game_Controller.dir/pico_game_controller.c.obj
                0x100009bc                ws2812b_color_576
 .text.ws2812b_color_640
                0x100009e0       0x24 src/CMakeFiles/Pico_Game_Controller.dir/pico_game_controller.c.obj
                0x100009e0                ws2812b_color_640
 .text.ws2812b_color_704
                0x10000a04       0x24 src/CMakeFiles/Pico_Game_Controller.dir/pico_game_controller.c.obj
                0x10000a04                ws2812b_color_704
 .text.ws2812b_color_768
                0x10000a28       0x24 src/CMakeFiles/Pico_Game_Controller.dir/pico_game_controller.c.obj
                0x10000a28                ws2812b_color_768
 .text.dma_handler
                0x10000a4c       0x50 src/CMakeFiles/Pico_Game_Controller.dir/pico_game_controller.c.obj
                0x10000a4c                dma_handler
 .text.minimum_hold
                0x10000a9c       0x80 src/CMakeFiles/Pico_Game_Controller.dir/pico_game_controller.c.obj
                0x10000a9c                minimum_hold
 .text.joy_mode
                0x10000b1c       0xbc src/CMakeFiles/Pico_Game_Controller.dir/pico_game_controller.c.obj
                0x10000b1c                joy_mode
 .text.key_mode
                0x10000bd8      0x138 src/CMakeFiles/Pico_Game_Controller.dir/pico_game_controller.c.obj
                0x10000bd8                key_mode
 .text.core1_entry
                0x10000d10       0x94 src/CMakeFiles/Pico_Game_Controller.dir/pico_game_controller.c.obj
                0x10000d10                core1_entry
 .text.update_lights
                0x10000da4       0xd8 src/CMakeFiles/Pico_Game_Controller.dir/pico_game_controller.c.obj
                0x10000da4                update_lights
 .text.init     0x10000e7c      0x32c src/CMakeFiles/Pico_Game_Controller.dir/pico_game_controller.c.obj
                0x10000e7c                init
 .text.selection_mode_decoration
                0x100011a8      0x140 src/CMakeFiles/Pico_Game_Controller.dir/pico_game_controller.c.obj
                0x100011a8                selection_mode_decoration
 .text.startup.main
                0x100012e8      0x1a4 src/CMakeFiles/Pico_Game_Controller.dir/pico_game_controller.c.obj
                0x100012e8                main
 .text.tud_hid_get_report_cb
                0x1000148c        0x4 src/CMakeFiles/Pico_Game_Controller.dir/pico_game_controller.c.obj
                0x1000148c                tud_hid_get_report_cb
 .text.tud_hid_set_report_cb
                0x10001490       0x7c src/CMakeFiles/Pico_Game_Controller.dir/pico_game_controller.c.obj
                0x10001490                tud_hid_set_report_cb
 .text.tud_descriptor_device_cb
                0x1000150c       0x1c src/CMakeFiles/Pico_Game_Controller.dir/usb_descriptors.c.obj
                0x1000150c                tud_descriptor_device_cb
 .text.tud_hid_descriptor_report_cb
                0x10001528       0x1c src/CMakeFiles/Pico_Game_Controller.dir/usb_descriptors.c.obj
                0x10001528                tud_hid_descriptor_report_cb
 .text.tud_descriptor_configuration_cb
                0x10001544       0x1c src/CMakeFiles/Pico_Game_Controller.dir/usb_descriptors.c.obj
                0x10001544                tud_descriptor_configuration_cb
 .text.tud_descriptor_string_cb
                0x10001560       0x70 src/CMakeFiles/Pico_Game_Controller.dir/usb_descriptors.c.obj
                0x10001560                tud_descriptor_string_cb
 .text.core1_trampoline
                0x100015d0        0x4 src/CMakeFiles/Pico_Game_Controller.dir/home/makoto/.pico-sdk/sdk/2.0.0/src/rp2_common/pico_multicore/multicore.c.obj
 .text.core1_wrapper
                0x100015d4        0xc src/CMakeFiles/Pico_Game_Controller.dir/home/makoto/.pico-sdk/sdk/2.0.0/src/rp2_common/pico_multicore/multicore.c.obj
                0x100015d4                core1_wrapper
 .text.multicore_launch_core1_raw
                0x100015e0       0x84 src/CMakeFiles/Pico_Game_Controller.dir/home/makoto/.pico-sdk/sdk/2.0.0/src/rp2_common/pico_multicore/multicore.c.obj
                0x100015e0                multicore_launch_core1_raw
 .text.multicore_launch_core1
                0x10001664       0x58 src/CMakeFiles/Pico_Game_Controller.dir/home/makoto/.pico-sdk/sdk/2.0.0/src/rp2_common/pico_multicore/multicore.c.obj
                0x10001664                multicore_launch_core1
 .text.lock_init
                0x100016bc       0x10 src/CMakeFiles/Pico_Game_Controller.dir/home/makoto/.pico-sdk/sdk/2.0.0/src/common/pico_sync/lock_core.c.obj
                0x100016bc                lock_init
 .text.runtime_init_mutex
                0x100016cc       0x50 src/CMakeFiles/Pico_Game_Controller.dir/home/makoto/.pico-sdk/sdk/2.0.0/src/common/pico_sync/mutex.c.obj
                0x100016cc                runtime_init_mutex
 .text.mutex_init
                0x1000171c       0x1c src/CMakeFiles/Pico_Game_Controller.dir/home/makoto/.pico-sdk/sdk/2.0.0/src/common/pico_sync/mutex.c.obj
                0x1000171c                mutex_init
 .text.critical_section_init
                0x10001738       0x1c src/CMakeFiles/Pico_Game_Controller.dir/home/makoto/.pico-sdk/sdk/2.0.0/src/common/pico_sync/critical_section.c.obj
                0x10001738                critical_section_init
 .text.sleep_until_callback
                0x10001754       0x30 src/CMakeFiles/Pico_Game_Controller.dir/home/makoto/.pico-sdk/sdk/2.0.0/src/common/pico_time/time.c.obj
 .text.alarm_pool_irq_handler
                0x10001784      0x2e4 src/CMakeFiles/Pico_Game_Controller.dir/home/makoto/.pico-sdk/sdk/2.0.0/src/common/pico_time/time.c.obj
 .text.runtime_init_default_alarm_pool
                0x10001a68       0xdc src/CMakeFiles/Pico_Game_Controller.dir/home/makoto/.pico-sdk/sdk/2.0.0/src/common/pico_time/time.c.obj
                0x10001a68                runtime_init_default_alarm_pool
 .text.alarm_pool_add_alarm_at_force_in_context
                0x10001b44       0xb0 src/CMakeFiles/Pico_Game_Controller.dir/home/makoto/.pico-sdk/sdk/2.0.0/src/common/pico_time/time.c.obj
                0x10001b44                alarm_pool_add_alarm_at_force_in_context
 .text.alarm_pool_cancel_alarm
                0x10001bf4       0x74 src/CMakeFiles/Pico_Game_Controller.dir/home/makoto/.pico-sdk/sdk/2.0.0/src/common/pico_time/time.c.obj
                0x10001bf4                alarm_pool_cancel_alarm
 .text.sleep_until
                0x10001c68       0xd8 src/CMakeFiles/Pico_Game_Controller.dir/home/makoto/.pico-sdk/sdk/2.0.0/src/common/pico_time/time.c.obj
                0x10001c68                sleep_until
 .text.sleep_ms
                0x10001d40       0x38 src/CMakeFiles/Pico_Game_Controller.dir/home/makoto/.pico-sdk/sdk/2.0.0/src/common/pico_time/time.c.obj
                0x10001d40                sleep_ms
 .text.best_effort_wfe_or_timeout
                0x10001d78      0x134 src/CMakeFiles/Pico_Game_Controller.dir/home/makoto/.pico-sdk/sdk/2.0.0/src/common/pico_time/time.c.obj
                0x10001d78                best_effort_wfe_or_timeout
 .text.timer_hardware_alarm_claim
                0x10001eac       0x14 src/CMakeFiles/Pico_Game_Controller.dir/home/makoto/.pico-sdk/sdk/2.0.0/src/rp2_common/hardware_timer/timer.c.obj
                0x10001eac                timer_hardware_alarm_claim
 .text.timer_time_us_64
                0x10001ec0       0x10 src/CMakeFiles/Pico_Game_Controller.dir/home/makoto/.pico-sdk/sdk/2.0.0/src/rp2_common/hardware_timer/timer.c.obj
                0x10001ec0                timer_time_us_64
 .text.time_us_64
                0x10001ed0       0x14 src/CMakeFiles/Pico_Game_Controller.dir/home/makoto/.pico-sdk/sdk/2.0.0/src/rp2_common/hardware_timer/timer.c.obj
                0x10001ed0                time_us_64
 .text.busy_wait_us
                0x10001ee4       0x68 src/CMakeFiles/Pico_Game_Controller.dir/home/makoto/.pico-sdk/sdk/2.0.0/src/rp2_common/hardware_timer/timer.c.obj
                0x10001ee4                busy_wait_us
 .text.busy_wait_until
                0x10001f4c       0x20 src/CMakeFiles/Pico_Game_Controller.dir/home/makoto/.pico-sdk/sdk/2.0.0/src/rp2_common/hardware_timer/timer.c.obj
                0x10001f4c                busy_wait_until
 .text.rp2040_chip_version
                0x10001f6c        0xc src/CMakeFiles/Pico_Game_Controller.dir/home/makoto/.pico-sdk/sdk/2.0.0/src/rp2040/pico_platform/platform.c.obj
                0x10001f6c                rp2040_chip_version
 .text.panic    0x10001f78       0x30 src/CMakeFiles/Pico_Game_Controller.dir/home/makoto/.pico-sdk/sdk/2.0.0/src/rp2_common/pico_platform_panic/panic.c.obj
                0x10001f78                panic
 .text.hw_claim_lock
                0x10001fa8       0x18 src/CMakeFiles/Pico_Game_Controller.dir/home/makoto/.pico-sdk/sdk/2.0.0/src/common/hardware_claim/claim.c.obj
                0x10001fa8                hw_claim_lock
 .text.hw_claim_unlock
                0x10001fc0       0x14 src/CMakeFiles/Pico_Game_Controller.dir/home/makoto/.pico-sdk/sdk/2.0.0/src/common/hardware_claim/claim.c.obj
                0x10001fc0                hw_claim_unlock
 .text.hw_claim_or_assert
                0x10001fd4       0x44 src/CMakeFiles/Pico_Game_Controller.dir/home/makoto/.pico-sdk/sdk/2.0.0/src/common/hardware_claim/claim.c.obj
                0x10001fd4                hw_claim_or_assert
 .text.hw_claim_unused_from_range
                0x10002018       0x9c src/CMakeFiles/Pico_Game_Controller.dir/home/makoto/.pico-sdk/sdk/2.0.0/src/common/hardware_claim/claim.c.obj
                0x10002018                hw_claim_unused_from_range
 .text.next_striped_spin_lock_num
                0x100020b4       0x18 src/CMakeFiles/Pico_Game_Controller.dir/home/makoto/.pico-sdk/sdk/2.0.0/src/rp2_common/hardware_sync/sync.c.obj
                0x100020b4                next_striped_spin_lock_num
 .text.spin_lock_claim_unused
                0x100020cc       0x24 src/CMakeFiles/Pico_Game_Controller.dir/home/makoto/.pico-sdk/sdk/2.0.0/src/rp2_common/hardware_sync/sync.c.obj
                0x100020cc                spin_lock_claim_unused
 .text.spin_locks_reset
                0x100020f0       0x1c src/CMakeFiles/Pico_Game_Controller.dir/home/makoto/.pico-sdk/sdk/2.0.0/src/rp2_common/hardware_sync_spin_lock/sync_spin_lock.c.obj
                0x100020f0                spin_locks_reset
 .text.runtime_init_per_core_irq_priorities
                0x1000210c       0x24 src/CMakeFiles/Pico_Game_Controller.dir/home/makoto/.pico-sdk/sdk/2.0.0/src/rp2_common/hardware_irq/irq.c.obj
                0x1000210c                runtime_init_per_core_irq_priorities
 .text.irq_set_enabled
                0x10002130       0x24 src/CMakeFiles/Pico_Game_Controller.dir/home/makoto/.pico-sdk/sdk/2.0.0/src/rp2_common/hardware_irq/irq.c.obj
                0x10002130                irq_set_enabled
 .text.irq_is_enabled
                0x10002154       0x18 src/CMakeFiles/Pico_Game_Controller.dir/home/makoto/.pico-sdk/sdk/2.0.0/src/rp2_common/hardware_irq/irq.c.obj
                0x10002154                irq_is_enabled
 .text.irq_set_exclusive_handler
                0x1000216c       0x54 src/CMakeFiles/Pico_Game_Controller.dir/home/makoto/.pico-sdk/sdk/2.0.0/src/rp2_common/hardware_irq/irq.c.obj
                0x1000216c                irq_set_exclusive_handler
 .text.irq_add_shared_handler
                0x100021c0      0x1f4 src/CMakeFiles/Pico_Game_Controller.dir/home/makoto/.pico-sdk/sdk/2.0.0/src/rp2_common/hardware_irq/irq.c.obj
                0x100021c0                irq_add_shared_handler
 .text.irq_remove_handler
                0x100023b4      0x1d4 src/CMakeFiles/Pico_Game_Controller.dir/home/makoto/.pico-sdk/sdk/2.0.0/src/rp2_common/hardware_irq/irq.c.obj
                0x100023b4                irq_remove_handler
 .text.irq_add_tail_to_free_list
                0x10002588       0xb4 src/CMakeFiles/Pico_Game_Controller.dir/home/makoto/.pico-sdk/sdk/2.0.0/src/rp2_common/hardware_irq/irq.c.obj
                0x10002588                irq_add_tail_to_free_list
 .text.gpio_set_function
                0x1000263c       0x34 src/CMakeFiles/Pico_Game_Controller.dir/home/makoto/.pico-sdk/sdk/2.0.0/src/rp2_common/hardware_gpio/gpio.c.obj
                0x1000263c                gpio_set_function
 .text.gpio_set_pulls
                0x10002670       0x28 src/CMakeFiles/Pico_Game_Controller.dir/home/makoto/.pico-sdk/sdk/2.0.0/src/rp2_common/hardware_gpio/gpio.c.obj
                0x10002670                gpio_set_pulls
 .text.gpio_init
                0x10002698       0x40 src/CMakeFiles/Pico_Game_Controller.dir/home/makoto/.pico-sdk/sdk/2.0.0/src/rp2_common/hardware_gpio/gpio.c.obj
                0x10002698                gpio_init
 .text.uart_init
                0x100026d8      0x120 src/CMakeFiles/Pico_Game_Controller.dir/home/makoto/.pico-sdk/sdk/2.0.0/src/rp2_common/hardware_uart/uart.c.obj
                0x100026d8                uart_init
 .text.clock_configure_int_divider
                0x100027f8       0xf4 src/CMakeFiles/Pico_Game_Controller.dir/home/makoto/.pico-sdk/sdk/2.0.0/src/rp2_common/hardware_clocks/clocks.c.obj
                0x100027f8                clock_configure_int_divider
 .text.clock_configure_undivided
                0x100028ec       0xe8 src/CMakeFiles/Pico_Game_Controller.dir/home/makoto/.pico-sdk/sdk/2.0.0/src/rp2_common/hardware_clocks/clocks.c.obj
                0x100028ec                clock_configure_undivided
 .text.clock_get_hz
                0x100029d4        0xc src/CMakeFiles/Pico_Game_Controller.dir/home/makoto/.pico-sdk/sdk/2.0.0/src/rp2_common/hardware_clocks/clocks.c.obj
                0x100029d4                clock_get_hz
 .text.pll_init
                0x100029e0       0xa4 src/CMakeFiles/Pico_Game_Controller.dir/home/makoto/.pico-sdk/sdk/2.0.0/src/rp2_common/hardware_pll/pll.c.obj
                0x100029e0                pll_init
 .text.tick_start
                0x10002a84       0x10 src/CMakeFiles/Pico_Game_Controller.dir/home/makoto/.pico-sdk/sdk/2.0.0/src/rp2_common/hardware_ticks/ticks.c.obj
                0x10002a84                tick_start
 .text.xosc_init
                0x10002a94       0x28 src/CMakeFiles/Pico_Game_Controller.dir/home/makoto/.pico-sdk/sdk/2.0.0/src/rp2_common/hardware_xosc/xosc.c.obj
                0x10002a94                xosc_init
 .text.first_per_core_initializer
                0x10002abc        0x4 src/CMakeFiles/Pico_Game_Controller.dir/home/makoto/.pico-sdk/sdk/2.0.0/src/rp2_common/pico_runtime/runtime.c.obj
 .text.hard_assertion_failure
                0x10002ac0        0xc src/CMakeFiles/Pico_Game_Controller.dir/home/makoto/.pico-sdk/sdk/2.0.0/src/rp2_common/pico_runtime/runtime.c.obj
                0x10002ac0                hard_assertion_failure
 .text.runtime_run_initializers
                0x10002acc       0x28 src/CMakeFiles/Pico_Game_Controller.dir/home/makoto/.pico-sdk/sdk/2.0.0/src/rp2_common/pico_runtime/runtime.c.obj
                0x10002acc                runtime_run_initializers
 .text.runtime_run_per_core_initializers
                0x10002af4       0x28 src/CMakeFiles/Pico_Game_Controller.dir/home/makoto/.pico-sdk/sdk/2.0.0/src/rp2_common/pico_runtime/runtime.c.obj
                0x10002af4                runtime_run_per_core_initializers
 .text.runtime_init_early_resets
                0x10002b1c       0x2c src/CMakeFiles/Pico_Game_Controller.dir/home/makoto/.pico-sdk/sdk/2.0.0/src/rp2_common/pico_runtime_init/runtime_init.c.obj
                0x10002b1c                runtime_init_early_resets
 .text.runtime_init_usb_power_down
                0x10002b48       0x1c src/CMakeFiles/Pico_Game_Controller.dir/home/makoto/.pico-sdk/sdk/2.0.0/src/rp2_common/pico_runtime_init/runtime_init.c.obj
                0x10002b48                runtime_init_usb_power_down
 .text.runtime_init_post_clock_resets
                0x10002b64       0x20 src/CMakeFiles/Pico_Game_Controller.dir/home/makoto/.pico-sdk/sdk/2.0.0/src/rp2_common/pico_runtime_init/runtime_init.c.obj
                0x10002b64                runtime_init_post_clock_resets
 .text.runtime_init_rp2040_gpio_ie_disable
                0x10002b84       0x14 src/CMakeFiles/Pico_Game_Controller.dir/home/makoto/.pico-sdk/sdk/2.0.0/src/rp2_common/pico_runtime_init/runtime_init.c.obj
                0x10002b84                runtime_init_rp2040_gpio_ie_disable
 .text.runtime_init_spin_locks_reset
                0x10002b98        0x8 src/CMakeFiles/Pico_Game_Controller.dir/home/makoto/.pico-sdk/sdk/2.0.0/src/rp2_common/pico_runtime_init/runtime_init.c.obj
                0x10002b98                runtime_init_spin_locks_reset
 .text.runtime_init_install_ram_vector_table
                0x10002ba0       0x1c src/CMakeFiles/Pico_Game_Controller.dir/home/makoto/.pico-sdk/sdk/2.0.0/src/rp2_common/pico_runtime_init/runtime_init.c.obj
                0x10002ba0                runtime_init_install_ram_vector_table
 .text.runtime_init_clocks
                0x10002bbc       0xd8 src/CMakeFiles/Pico_Game_Controller.dir/home/makoto/.pico-sdk/sdk/2.0.0/src/rp2_common/pico_runtime_init/runtime_init_clocks.c.obj
                0x10002bbc                runtime_init_clocks
 .text          0x10002c94       0x10 src/CMakeFiles/Pico_Game_Controller.dir/home/makoto/.pico-sdk/sdk/2.0.0/src/rp2_common/pico_bit_ops/bit_ops_aeabi.S.obj
 .text.rom_func_lookup
                0x10002ca4       0x10 src/CMakeFiles/Pico_Game_Controller.dir/home/makoto/.pico-sdk/sdk/2.0.0/src/rp2_common/pico_bootrom/bootrom.c.obj
                0x10002ca4                rom_func_lookup
 .text.rom_data_lookup
                0x10002cb4       0x10 src/CMakeFiles/Pico_Game_Controller.dir/home/makoto/.pico-sdk/sdk/2.0.0/src/rp2_common/pico_bootrom/bootrom.c.obj
                0x10002cb4                rom_data_lookup
 .text.rom_funcs_lookup
                0x10002cc4       0x44 src/CMakeFiles/Pico_Game_Controller.dir/home/makoto/.pico-sdk/sdk/2.0.0/src/rp2_common/pico_bootrom/bootrom.c.obj
                0x10002cc4                rom_funcs_lookup
 .text.__wrap___aeabi_idiv
                0x10002d08       0x50 src/CMakeFiles/Pico_Game_Controller.dir/home/makoto/.pico-sdk/sdk/2.0.0/src/rp2_common/pico_divider/divider_hardware.S.obj
                0x10002d08                __wrap___aeabi_idivmod
                0x10002d08                divmod_s32s32
                0x10002d08                div_s32s32
                0x10002d08                __wrap___aeabi_idiv
                0x10002d10                divmod_s32s32_unsafe
                0x10002d3c                divmod_s32s32_savestate
 .text.__wrap___aeabi_uidiv
                0x10002d58       0x4c src/CMakeFiles/Pico_Game_Controller.dir/home/makoto/.pico-sdk/sdk/2.0.0/src/rp2_common/pico_divider/divider_hardware.S.obj
                0x10002d58                __wrap___aeabi_uidiv
                0x10002d58                __wrap___aeabi_uidivmod
                0x10002d58                div_u32u32
                0x10002d58                divmod_u32u32
                0x10002d60                divmod_u32u32_unsafe
                0x10002d88                divmod_u32u32_savestate
 .text.__wrap___aeabi_darithmetic
                0x10002da4       0x80 src/CMakeFiles/Pico_Game_Controller.dir/home/makoto/.pico-sdk/sdk/2.0.0/src/rp2_common/pico_double/double_aeabi_rp2040.S.obj
                0x10002da4                __wrap___aeabi_drsub
                0x10002daa                __wrap___aeabi_dsub
                0x10002dbc                __wrap___aeabi_dadd
                0x10002dce                __wrap___aeabi_ddiv
                0x10002e0a                __wrap___aeabi_dmul
 .text.__wrap___aeabi_i2d
                0x10002e24       0x38 src/CMakeFiles/Pico_Game_Controller.dir/home/makoto/.pico-sdk/sdk/2.0.0/src/rp2_common/pico_double/double_aeabi_rp2040.S.obj
                0x10002e24                __wrap___aeabi_ui2d
                0x10002e2c                __wrap___aeabi_i2d
 .text.__wrap___aeabi_d2uiz
                0x10002e5c       0x18 src/CMakeFiles/Pico_Game_Controller.dir/home/makoto/.pico-sdk/sdk/2.0.0/src/rp2_common/pico_double/double_aeabi_rp2040.S.obj
                0x10002e5c                double2uint
                0x10002e5c                __wrap___aeabi_d2uiz
 .text.__aeabi_double_init
                0x10002e74       0xa4 src/CMakeFiles/Pico_Game_Controller.dir/home/makoto/.pico-sdk/sdk/2.0.0/src/rp2_common/pico_double/double_init_rom_rp2040.c.obj
                0x10002e74                __aeabi_double_init
 .text.double_table_shim_on_use_helper
                0x10002f18       0x2c src/CMakeFiles/Pico_Game_Controller.dir/home/makoto/.pico-sdk/sdk/2.0.0/src/rp2_common/pico_double/double_v1_rom_shim_rp2040.S.obj
                0x10002f18                double_table_shim_on_use_helper
 .text.__wrap___aeabi_dsub
                0x10002f44       0x10 src/CMakeFiles/Pico_Game_Controller.dir/home/makoto/.pico-sdk/sdk/2.0.0/src/rp2_common/pico_double/double_v1_rom_shim_rp2040.S.obj
                0x10002f44                drsub_shim
                0x10002f4a                dsub_shim
 .text.dadd_shim
                0x10002f54      0x15c src/CMakeFiles/Pico_Game_Controller.dir/home/makoto/.pico-sdk/sdk/2.0.0/src/rp2_common/pico_double/double_v1_rom_shim_rp2040.S.obj
                0x10002f54                dadd_shim
 .text.dmul_shim
                0x100030b0      0x15c src/CMakeFiles/Pico_Game_Controller.dir/home/makoto/.pico-sdk/sdk/2.0.0/src/rp2_common/pico_double/double_v1_rom_shim_rp2040.S.obj
                0x100030b0                dmul_shim
 .text.ddiv_shim
                0x1000320c      0x1b0 src/CMakeFiles/Pico_Game_Controller.dir/home/makoto/.pico-sdk/sdk/2.0.0/src/rp2_common/pico_double/double_v1_rom_shim_rp2040.S.obj
                0x1000320c                ddiv_shim
 .text.double2uint_shim
                0x100033bc        0xe src/CMakeFiles/Pico_Game_Controller.dir/home/makoto/.pico-sdk/sdk/2.0.0/src/rp2_common/pico_double/double_v1_rom_shim_rp2040.S.obj
                0x100033bc                double2uint_shim
                0x100033be                double2ufix_shim
 *fill*         0x100033ca        0x2 
 .text.double2uint64_shim
                0x100033cc       0x70 src/CMakeFiles/Pico_Game_Controller.dir/home/makoto/.pico-sdk/sdk/2.0.0/src/rp2_common/pico_double/double_v1_rom_shim_rp2040.S.obj
                0x100033cc                double2uint64_shim
                0x100033ce                double2ufix64_shim
                0x100033ee                d2fix_a
 .text.dunpacks
                0x1000343c       0x3c src/CMakeFiles/Pico_Game_Controller.dir/home/makoto/.pico-sdk/sdk/2.0.0/src/rp2_common/pico_double/double_v1_rom_shim_rp2040.S.obj
                0x1000343c                dunpacks
 .text.__aeabi_lmul
                0x10003478       0x32 src/CMakeFiles/Pico_Game_Controller.dir/home/makoto/.pico-sdk/sdk/2.0.0/src/rp2_common/pico_int64_ops/pico_int64_ops_aeabi.S.obj
                0x10003478                __wrap___aeabi_lmul
 *fill*         0x100034aa        0x2 
 .text.__wrap___aeabi_farithmetic
                0x100034ac       0x48 src/CMakeFiles/Pico_Game_Controller.dir/home/makoto/.pico-sdk/sdk/2.0.0/src/rp2_common/pico_float/float_aeabi_rp2040.S.obj
                0x100034ac                __wrap___aeabi_frsub
                0x100034b2                __wrap___aeabi_fsub
                0x100034b8                __wrap___aeabi_fadd
                0x100034be                __wrap___aeabi_fdiv
                0x100034e6                __wrap___aeabi_fmul
 .text.__wrap___aeabi_cfcmple
                0x100034f4       0x50 src/CMakeFiles/Pico_Game_Controller.dir/home/makoto/.pico-sdk/sdk/2.0.0/src/rp2_common/pico_float/float_aeabi_rp2040.S.obj
                0x100034f4                __wrap___aeabi_cfrcmple
                0x10003500                __wrap___aeabi_cfcmpeq
                0x10003500                __wrap___aeabi_cfcmple
 .text.__wrap___aeabi_fcmplt
                0x10003544        0xc src/CMakeFiles/Pico_Game_Controller.dir/home/makoto/.pico-sdk/sdk/2.0.0/src/rp2_common/pico_float/float_aeabi_rp2040.S.obj
                0x10003544                __wrap___aeabi_fcmplt
 .text.__wrap___aeabi_fcmpgt
                0x10003550        0xa src/CMakeFiles/Pico_Game_Controller.dir/home/makoto/.pico-sdk/sdk/2.0.0/src/rp2_common/pico_float/float_aeabi_rp2040.S.obj
                0x10003550                __wrap___aeabi_fcmpgt
 .text.__wrap___aeabi_ui2f
                0x1000355a        0xa src/CMakeFiles/Pico_Game_Controller.dir/home/makoto/.pico-sdk/sdk/2.0.0/src/rp2_common/pico_float/float_aeabi_rp2040.S.obj
                0x1000355a                uint2float
                0x1000355a                __wrap___aeabi_ui2f
 .text.__wrap___aeabi_i2f
                0x10003564       0x44 src/CMakeFiles/Pico_Game_Controller.dir/home/makoto/.pico-sdk/sdk/2.0.0/src/rp2_common/pico_float/float_aeabi_rp2040.S.obj
                0x10003564                int2float
                0x10003564                __wrap___aeabi_i2f
 .text.__wrap___aeabi_f2iz
                0x100035a8       0x4e src/CMakeFiles/Pico_Game_Controller.dir/home/makoto/.pico-sdk/sdk/2.0.0/src/rp2_common/pico_float/float_aeabi_rp2040.S.obj
                0x100035a8                __wrap___aeabi_f2iz
                0x100035a8                float2int_z
 *fill*         0x100035f6        0x2 
 .text.float2int
                0x100035f8       0x14 src/CMakeFiles/Pico_Game_Controller.dir/home/makoto/.pico-sdk/sdk/2.0.0/src/rp2_common/pico_float/float_aeabi_rp2040.S.obj
                0x100035f8                float2int
 .text.__wrap___aeabi_f2uiz
                0x1000360c        0xc src/CMakeFiles/Pico_Game_Controller.dir/home/makoto/.pico-sdk/sdk/2.0.0/src/rp2_common/pico_float/float_aeabi_rp2040.S.obj
                0x1000360c                float2uint_z
                0x1000360c                __wrap___aeabi_f2uiz
 .text.__aeabi_float_init
                0x10003618       0x64 src/CMakeFiles/Pico_Game_Controller.dir/home/makoto/.pico-sdk/sdk/2.0.0/src/rp2_common/pico_float/float_init_rom_rp2040.c.obj
                0x10003618                __aeabi_float_init
 .text.float_table_shim_on_use_helper
                0x1000367c       0x2c src/CMakeFiles/Pico_Game_Controller.dir/home/makoto/.pico-sdk/sdk/2.0.0/src/rp2_common/pico_float/float_v1_rom_shim_rp2040.S.obj
                0x1000367c                float_table_shim_on_use_helper
 .text.float232_shims
                0x100036a8       0x18 src/CMakeFiles/Pico_Game_Controller.dir/home/makoto/.pico-sdk/sdk/2.0.0/src/rp2_common/pico_float/float_v1_rom_shim_rp2040.S.obj
                0x100036a8                float2int_shim
                0x100036aa                float2fix_shim
 .text          0x100036c0       0x10 src/CMakeFiles/Pico_Game_Controller.dir/home/makoto/.pico-sdk/sdk/2.0.0/src/rp2_common/pico_mem_ops/mem_ops_aeabi.S.obj
                0x100036c0                __aeabi_mem_init
 .text.memset   0x100036d0        0xc src/CMakeFiles/Pico_Game_Controller.dir/home/makoto/.pico-sdk/sdk/2.0.0/src/rp2_common/pico_mem_ops/mem_ops_aeabi.S.obj
                0x100036d0                __wrap_memset
 .text.memcpy   0x100036dc        0xc src/CMakeFiles/Pico_Game_Controller.dir/home/makoto/.pico-sdk/sdk/2.0.0/src/rp2_common/pico_mem_ops/mem_ops_aeabi.S.obj
                0x100036dc                __wrap___aeabi_memcpy
                0x100036dc                __wrap_memcpy
 .text._out_char
                0x100036e8       0x10 src/CMakeFiles/Pico_Game_Controller.dir/home/makoto/.pico-sdk/sdk/2.0.0/src/rp2_common/pico_printf/printf.c.obj
 .text.weak_raw_vprintf
                0x100036f8       0x30 src/CMakeFiles/Pico_Game_Controller.dir/home/makoto/.pico-sdk/sdk/2.0.0/src/rp2_common/pico_printf/printf.c.obj
                0x100036f8                weak_raw_vprintf
 .text._exit    0x10003728        0x4 src/CMakeFiles/Pico_Game_Controller.dir/home/makoto/.pico-sdk/sdk/2.0.0/src/rp2_common/pico_clib_interface/newlib_interface.c.obj
                0x10003728                _exit
 .text.exit     0x1000372c        0x8 src/CMakeFiles/Pico_Game_Controller.dir/home/makoto/.pico-sdk/sdk/2.0.0/src/rp2_common/pico_clib_interface/newlib_interface.c.obj
                0x1000372c                exit
 .text.runtime_init
                0x10003734       0x2c src/CMakeFiles/Pico_Game_Controller.dir/home/makoto/.pico-sdk/sdk/2.0.0/src/rp2_common/pico_clib_interface/newlib_interface.c.obj
                0x10003734                runtime_init
 .text.stdio_out_chars_no_crlf
                0x10003760       0x10 src/CMakeFiles/Pico_Game_Controller.dir/home/makoto/.pico-sdk/sdk/2.0.0/src/rp2_common/pico_stdio/stdio.c.obj
 .text.stdio_out_chars_crlf
                0x10003770       0x94 src/CMakeFiles/Pico_Game_Controller.dir/home/makoto/.pico-sdk/sdk/2.0.0/src/rp2_common/pico_stdio/stdio.c.obj
 .text.stdio_put_string
                0x10003804      0x100 src/CMakeFiles/Pico_Game_Controller.dir/home/makoto/.pico-sdk/sdk/2.0.0/src/rp2_common/pico_stdio/stdio.c.obj
                0x10003804                stdio_put_string
 .text.stdio_set_driver_enabled
                0x10003904       0x30 src/CMakeFiles/Pico_Game_Controller.dir/home/makoto/.pico-sdk/sdk/2.0.0/src/rp2_common/pico_stdio/stdio.c.obj
                0x10003904                stdio_set_driver_enabled
 .text.__wrap_putchar
                0x10003934       0x98 src/CMakeFiles/Pico_Game_Controller.dir/home/makoto/.pico-sdk/sdk/2.0.0/src/rp2_common/pico_stdio/stdio.c.obj
                0x10003934                stdio_putchar
                0x10003934                __wrap_putchar
 .text.__wrap_puts
                0x100039cc       0x3c src/CMakeFiles/Pico_Game_Controller.dir/home/makoto/.pico-sdk/sdk/2.0.0/src/rp2_common/pico_stdio/stdio.c.obj
                0x100039cc                __wrap_puts
                0x100039cc                stdio_puts
 .text.stdio_uart_out_chars
                0x10003a08       0x4c src/CMakeFiles/Pico_Game_Controller.dir/home/makoto/.pico-sdk/sdk/2.0.0/src/rp2_common/pico_stdio_uart/stdio_uart.c.obj
 .text.stdio_uart_in_chars
                0x10003a54       0x90 src/CMakeFiles/Pico_Game_Controller.dir/home/makoto/.pico-sdk/sdk/2.0.0/src/rp2_common/pico_stdio_uart/stdio_uart.c.obj
                0x10003a54                stdio_uart_in_chars
 .text.on_uart_rx
                0x10003ae4       0x28 src/CMakeFiles/Pico_Game_Controller.dir/home/makoto/.pico-sdk/sdk/2.0.0/src/rp2_common/pico_stdio_uart/stdio_uart.c.obj
 .text.stdio_uart_out_flush
                0x10003b0c       0x10 src/CMakeFiles/Pico_Game_Controller.dir/home/makoto/.pico-sdk/sdk/2.0.0/src/rp2_common/pico_stdio_uart/stdio_uart.c.obj
 .text.stdio_uart_set_chars_available_callback
                0x10003b1c       0x8c src/CMakeFiles/Pico_Game_Controller.dir/home/makoto/.pico-sdk/sdk/2.0.0/src/rp2_common/pico_stdio_uart/stdio_uart.c.obj
 .text.stdio_uart_init_full
                0x10003ba8       0x3c src/CMakeFiles/Pico_Game_Controller.dir/home/makoto/.pico-sdk/sdk/2.0.0/src/rp2_common/pico_stdio_uart/stdio_uart.c.obj
                0x10003ba8                stdio_uart_init_full
 .text.dcd_init
                0x10003be4       0x8c src/CMakeFiles/Pico_Game_Controller.dir/home/makoto/.pico-sdk/sdk/2.0.0/lib/tinyusb/src/portable/raspberrypi/rp2040/dcd_rp2040.c.obj
                0x10003be4                dcd_init
 .text.dcd_int_enable
                0x10003c70        0xc src/CMakeFiles/Pico_Game_Controller.dir/home/makoto/.pico-sdk/sdk/2.0.0/lib/tinyusb/src/portable/raspberrypi/rp2040/dcd_rp2040.c.obj
                0x10003c70                dcd_int_enable
 .text.dcd_set_address
                0x10003c7c       0x14 src/CMakeFiles/Pico_Game_Controller.dir/home/makoto/.pico-sdk/sdk/2.0.0/lib/tinyusb/src/portable/raspberrypi/rp2040/dcd_rp2040.c.obj
                0x10003c7c                dcd_set_address
 .text.dcd_sof_enable
                0x10003c90       0x1c src/CMakeFiles/Pico_Game_Controller.dir/home/makoto/.pico-sdk/sdk/2.0.0/lib/tinyusb/src/portable/raspberrypi/rp2040/dcd_rp2040.c.obj
                0x10003c90                dcd_sof_enable
 .text.dcd_edpt0_status_complete
                0x10003cac       0x1c src/CMakeFiles/Pico_Game_Controller.dir/home/makoto/.pico-sdk/sdk/2.0.0/lib/tinyusb/src/portable/raspberrypi/rp2040/dcd_rp2040.c.obj
                0x10003cac                dcd_edpt0_status_complete
 .text.dcd_edpt_open
                0x10003cc8      0x108 src/CMakeFiles/Pico_Game_Controller.dir/home/makoto/.pico-sdk/sdk/2.0.0/lib/tinyusb/src/portable/raspberrypi/rp2040/dcd_rp2040.c.obj
                0x10003cc8                dcd_edpt_open
 .text.dcd_edpt_close_all
                0x10003dd0        0x8 src/CMakeFiles/Pico_Game_Controller.dir/home/makoto/.pico-sdk/sdk/2.0.0/lib/tinyusb/src/portable/raspberrypi/rp2040/dcd_rp2040.c.obj
                0x10003dd0                dcd_edpt_close_all
 .text.dcd_edpt_xfer
                0x10003dd8       0x24 src/CMakeFiles/Pico_Game_Controller.dir/home/makoto/.pico-sdk/sdk/2.0.0/lib/tinyusb/src/portable/raspberrypi/rp2040/dcd_rp2040.c.obj
                0x10003dd8                dcd_edpt_xfer
 .text.dcd_edpt_stall
                0x10003dfc       0x34 src/CMakeFiles/Pico_Game_Controller.dir/home/makoto/.pico-sdk/sdk/2.0.0/lib/tinyusb/src/portable/raspberrypi/rp2040/dcd_rp2040.c.obj
                0x10003dfc                dcd_edpt_stall
 .text.dcd_edpt_clear_stall
                0x10003e30       0x30 src/CMakeFiles/Pico_Game_Controller.dir/home/makoto/.pico-sdk/sdk/2.0.0/lib/tinyusb/src/portable/raspberrypi/rp2040/dcd_rp2040.c.obj
                0x10003e30                dcd_edpt_clear_stall
 .text.rp2040_usb_init
                0x10003e60       0x40 src/CMakeFiles/Pico_Game_Controller.dir/home/makoto/.pico-sdk/sdk/2.0.0/lib/tinyusb/src/portable/raspberrypi/rp2040/rp2040_usb.c.obj
                0x10003e60                rp2040_usb_init
 .text.hw_endpoint_xfer_start
                0x10003ea0       0x40 src/CMakeFiles/Pico_Game_Controller.dir/home/makoto/.pico-sdk/sdk/2.0.0/lib/tinyusb/src/portable/raspberrypi/rp2040/rp2040_usb.c.obj
                0x10003ea0                hw_endpoint_xfer_start
 .text.tud_vendor_control_xfer_cb
                0x10003ee0        0x4 src/CMakeFiles/Pico_Game_Controller.dir/home/makoto/.pico-sdk/sdk/2.0.0/lib/tinyusb/src/device/usbd.c.obj
                0x10003ee0                tud_vendor_control_xfer_cb
 .text.tud_event_hook_cb
                0x10003ee4        0x4 src/CMakeFiles/Pico_Game_Controller.dir/home/makoto/.pico-sdk/sdk/2.0.0/lib/tinyusb/src/device/usbd.c.obj
                0x10003ee4                tud_event_hook_cb
 .text.tud_sof_cb
                0x10003ee8        0x4 src/CMakeFiles/Pico_Game_Controller.dir/home/makoto/.pico-sdk/sdk/2.0.0/lib/tinyusb/src/device/usbd.c.obj
                0x10003ee8                tud_sof_cb
 .text.tud_descriptor_bos_cb
                0x10003eec        0x4 src/CMakeFiles/Pico_Game_Controller.dir/home/makoto/.pico-sdk/sdk/2.0.0/lib/tinyusb/src/device/usbd.c.obj
                0x10003eec                tud_descriptor_bos_cb
 .text.tud_descriptor_device_qualifier_cb
                0x10003ef0        0x4 src/CMakeFiles/Pico_Game_Controller.dir/home/makoto/.pico-sdk/sdk/2.0.0/lib/tinyusb/src/device/usbd.c.obj
                0x10003ef0                tud_descriptor_device_qualifier_cb
 .text.tud_descriptor_other_speed_configuration_cb
                0x10003ef4        0x4 src/CMakeFiles/Pico_Game_Controller.dir/home/makoto/.pico-sdk/sdk/2.0.0/lib/tinyusb/src/device/usbd.c.obj
                0x10003ef4                tud_descriptor_other_speed_configuration_cb
 .text.tud_mount_cb
                0x10003ef8        0x4 src/CMakeFiles/Pico_Game_Controller.dir/home/makoto/.pico-sdk/sdk/2.0.0/lib/tinyusb/src/device/usbd.c.obj
                0x10003ef8                tud_mount_cb
 .text.tud_umount_cb
                0x10003efc        0x4 src/CMakeFiles/Pico_Game_Controller.dir/home/makoto/.pico-sdk/sdk/2.0.0/lib/tinyusb/src/device/usbd.c.obj
                0x10003efc                tud_umount_cb
 .text.tud_suspend_cb
                0x10003f00        0x4 src/CMakeFiles/Pico_Game_Controller.dir/home/makoto/.pico-sdk/sdk/2.0.0/lib/tinyusb/src/device/usbd.c.obj
                0x10003f00                tud_suspend_cb
 .text.tud_resume_cb
                0x10003f04        0x4 src/CMakeFiles/Pico_Game_Controller.dir/home/makoto/.pico-sdk/sdk/2.0.0/lib/tinyusb/src/device/usbd.c.obj
                0x10003f04                tud_resume_cb
 .text.tud_mounted
                0x10003f08       0x10 src/CMakeFiles/Pico_Game_Controller.dir/home/makoto/.pico-sdk/sdk/2.0.0/lib/tinyusb/src/device/usbd.c.obj
                0x10003f08                tud_mounted
 .text.tud_suspended
                0x10003f18       0x10 src/CMakeFiles/Pico_Game_Controller.dir/home/makoto/.pico-sdk/sdk/2.0.0/lib/tinyusb/src/device/usbd.c.obj
                0x10003f18                tud_suspended
 .text.tud_init
                0x10003f28       0xe0 src/CMakeFiles/Pico_Game_Controller.dir/home/makoto/.pico-sdk/sdk/2.0.0/lib/tinyusb/src/device/usbd.c.obj
                0x10003f28                tud_init
 .text.tud_task_ext
                0x10004008      0x7c0 src/CMakeFiles/Pico_Game_Controller.dir/home/makoto/.pico-sdk/sdk/2.0.0/lib/tinyusb/src/device/usbd.c.obj
                0x10004008                tud_task_ext
 .text.usbd_open_edpt_pair
                0x100047c8       0x9c src/CMakeFiles/Pico_Game_Controller.dir/home/makoto/.pico-sdk/sdk/2.0.0/lib/tinyusb/src/device/usbd.c.obj
                0x100047c8                usbd_open_edpt_pair
 .text.usbd_edpt_claim
                0x10004864       0x28 src/CMakeFiles/Pico_Game_Controller.dir/home/makoto/.pico-sdk/sdk/2.0.0/lib/tinyusb/src/device/usbd.c.obj
                0x10004864                usbd_edpt_claim
 .text.usbd_edpt_xfer
                0x1000488c       0x4c src/CMakeFiles/Pico_Game_Controller.dir/home/makoto/.pico-sdk/sdk/2.0.0/lib/tinyusb/src/device/usbd.c.obj
                0x1000488c                usbd_edpt_xfer
 .text.usbd_edpt_busy
                0x100048d8       0x1c src/CMakeFiles/Pico_Game_Controller.dir/home/makoto/.pico-sdk/sdk/2.0.0/lib/tinyusb/src/device/usbd.c.obj
                0x100048d8                usbd_edpt_busy
 .text.tud_control_status
                0x100048f4       0x2c src/CMakeFiles/Pico_Game_Controller.dir/home/makoto/.pico-sdk/sdk/2.0.0/lib/tinyusb/src/device/usbd_control.c.obj
                0x100048f4                tud_control_status
 .text.tud_control_xfer
                0x10004920       0xac src/CMakeFiles/Pico_Game_Controller.dir/home/makoto/.pico-sdk/sdk/2.0.0/lib/tinyusb/src/device/usbd_control.c.obj
                0x10004920                tud_control_xfer
 .text.usbd_control_reset
                0x100049cc       0x14 src/CMakeFiles/Pico_Game_Controller.dir/home/makoto/.pico-sdk/sdk/2.0.0/lib/tinyusb/src/device/usbd_control.c.obj
                0x100049cc                usbd_control_reset
 .text.usbd_control_set_complete_callback
                0x100049e0        0xc src/CMakeFiles/Pico_Game_Controller.dir/home/makoto/.pico-sdk/sdk/2.0.0/lib/tinyusb/src/device/usbd_control.c.obj
                0x100049e0                usbd_control_set_complete_callback
 .text.usbd_control_set_request
                0x100049ec       0x1c src/CMakeFiles/Pico_Game_Controller.dir/home/makoto/.pico-sdk/sdk/2.0.0/lib/tinyusb/src/device/usbd_control.c.obj
                0x100049ec                usbd_control_set_request
 .text.usbd_control_xfer_cb
                0x10004a08       0xec src/CMakeFiles/Pico_Game_Controller.dir/home/makoto/.pico-sdk/sdk/2.0.0/lib/tinyusb/src/device/usbd_control.c.obj
                0x10004a08                usbd_control_xfer_cb
 .text.tud_hid_set_protocol_cb
                0x10004af4        0x4 src/CMakeFiles/Pico_Game_Controller.dir/home/makoto/.pico-sdk/sdk/2.0.0/lib/tinyusb/src/class/hid/hid_device.c.obj
                0x10004af4                tud_hid_set_protocol_cb
 .text.tud_hid_set_idle_cb
                0x10004af8        0x4 src/CMakeFiles/Pico_Game_Controller.dir/home/makoto/.pico-sdk/sdk/2.0.0/lib/tinyusb/src/class/hid/hid_device.c.obj
                0x10004af8                tud_hid_set_idle_cb
 .text.tud_hid_report_complete_cb
                0x10004afc        0x4 src/CMakeFiles/Pico_Game_Controller.dir/home/makoto/.pico-sdk/sdk/2.0.0/lib/tinyusb/src/class/hid/hid_device.c.obj
                0x10004afc                tud_hid_report_complete_cb
 .text.tud_hid_report_failed_cb
                0x10004b00        0x4 src/CMakeFiles/Pico_Game_Controller.dir/home/makoto/.pico-sdk/sdk/2.0.0/lib/tinyusb/src/class/hid/hid_device.c.obj
                0x10004b00                tud_hid_report_failed_cb
 .text.tud_hid_n_ready
                0x10004b04       0x38 src/CMakeFiles/Pico_Game_Controller.dir/home/makoto/.pico-sdk/sdk/2.0.0/lib/tinyusb/src/class/hid/hid_device.c.obj
                0x10004b04                tud_hid_n_ready
 .text.tud_hid_n_report
                0x10004b3c       0x80 src/CMakeFiles/Pico_Game_Controller.dir/home/makoto/.pico-sdk/sdk/2.0.0/lib/tinyusb/src/class/hid/hid_device.c.obj
                0x10004b3c                tud_hid_n_report
 .text.tud_hid_n_mouse_report
                0x10004bbc       0xa0 src/CMakeFiles/Pico_Game_Controller.dir/home/makoto/.pico-sdk/sdk/2.0.0/lib/tinyusb/src/class/hid/hid_device.c.obj
                0x10004bbc                tud_hid_n_mouse_report
 .text.hidd_init
                0x10004c5c       0x14 src/CMakeFiles/Pico_Game_Controller.dir/home/makoto/.pico-sdk/sdk/2.0.0/lib/tinyusb/src/class/hid/hid_device.c.obj
                0x10004c5c                hidd_init
 .text.hidd_deinit
                0x10004c70        0x4 src/CMakeFiles/Pico_Game_Controller.dir/home/makoto/.pico-sdk/sdk/2.0.0/lib/tinyusb/src/class/hid/hid_device.c.obj
                0x10004c70                hidd_deinit
 .text.hidd_reset
                0x10004c74       0x14 src/CMakeFiles/Pico_Game_Controller.dir/home/makoto/.pico-sdk/sdk/2.0.0/lib/tinyusb/src/class/hid/hid_device.c.obj
                0x10004c74                hidd_reset
 .text.hidd_open
                0x10004c88       0x88 src/CMakeFiles/Pico_Game_Controller.dir/home/makoto/.pico-sdk/sdk/2.0.0/lib/tinyusb/src/class/hid/hid_device.c.obj
                0x10004c88                hidd_open
 .text.hidd_control_xfer_cb
                0x10004d10      0x1a0 src/CMakeFiles/Pico_Game_Controller.dir/home/makoto/.pico-sdk/sdk/2.0.0/lib/tinyusb/src/class/hid/hid_device.c.obj
                0x10004d10                hidd_control_xfer_cb
 .text.hidd_xfer_cb
                0x10004eb0       0x84 src/CMakeFiles/Pico_Game_Controller.dir/home/makoto/.pico-sdk/sdk/2.0.0/lib/tinyusb/src/class/hid/hid_device.c.obj
                0x10004eb0                hidd_xfer_cb
 .text.tusb_init
                0x10004f34        0xc src/CMakeFiles/Pico_Game_Controller.dir/home/makoto/.pico-sdk/sdk/2.0.0/lib/tinyusb/src/tusb.c.obj
                0x10004f34                tusb_init
 .text.tu_edpt_claim
                0x10004f40       0x50 src/CMakeFiles/Pico_Game_Controller.dir/home/makoto/.pico-sdk/sdk/2.0.0/lib/tinyusb/src/tusb.c.obj
                0x10004f40                tu_edpt_claim
 .text.tu_edpt_validate
                0x10004f90       0x7c src/CMakeFiles/Pico_Game_Controller.dir/home/makoto/.pico-sdk/sdk/2.0.0/lib/tinyusb/src/tusb.c.obj
                0x10004f90                tu_edpt_validate
 .text.tu_edpt_bind_driver
                0x1000500c       0x34 src/CMakeFiles/Pico_Game_Controller.dir/home/makoto/.pico-sdk/sdk/2.0.0/lib/tinyusb/src/tusb.c.obj
                0x1000500c                tu_edpt_bind_driver
 .text.tu_fifo_read
                0x10005040       0x9c src/CMakeFiles/Pico_Game_Controller.dir/home/makoto/.pico-sdk/sdk/2.0.0/lib/tinyusb/src/common/tusb_fifo.c.obj
                0x10005040                tu_fifo_read
 .text.tu_fifo_write
                0x100050dc       0xa8 src/CMakeFiles/Pico_Game_Controller.dir/home/makoto/.pico-sdk/sdk/2.0.0/lib/tinyusb/src/common/tusb_fifo.c.obj
                0x100050dc                tu_fifo_write
 .text.tu_fifo_clear
                0x10005184       0x40 src/CMakeFiles/Pico_Game_Controller.dir/home/makoto/.pico-sdk/sdk/2.0.0/lib/tinyusb/src/common/tusb_fifo.c.obj
                0x10005184                tu_fifo_clear
 .text.board_init
                0x100051c4       0x30 src/CMakeFiles/Pico_Game_Controller.dir/home/makoto/.pico-sdk/sdk/2.0.0/lib/tinyusb/hw/bsp/rp2040/family.c.obj
                0x100051c4                board_init
 .text.startup._retrieve_unique_id_on_boot
                0x100051f4       0x10 src/CMakeFiles/Pico_Game_Controller.dir/home/makoto/.pico-sdk/sdk/2.0.0/src/rp2_common/pico_unique_id/unique_id.c.obj
 .text.flash_get_unique_id
                0x10005204       0x3c src/CMakeFiles/Pico_Game_Controller.dir/home/makoto/.pico-sdk/sdk/2.0.0/src/rp2_common/hardware_flash/flash.c.obj
                0x10005204                flash_get_unique_id
 .text.pio_add_program
                0x10005240      0x104 src/CMakeFiles/Pico_Game_Controller.dir/home/makoto/.pico-sdk/sdk/2.0.0/src/rp2_common/hardware_pio/pio.c.obj
                0x10005240                pio_add_program
 .text.pio_sm_set_consecutive_pindirs
                0x10005344       0xb4 src/CMakeFiles/Pico_Game_Controller.dir/home/makoto/.pico-sdk/sdk/2.0.0/src/rp2_common/hardware_pio/pio.c.obj
                0x10005344                pio_sm_set_consecutive_pindirs
 .text.pio_sm_init
                0x100053f8       0x98 src/CMakeFiles/Pico_Game_Controller.dir/home/makoto/.pico-sdk/sdk/2.0.0/src/rp2_common/hardware_pio/pio.c.obj
                0x100053f8                pio_sm_init
 .text.strlen   0x10005490       0x5c /home/makoto/.pico-sdk/toolchain/13_2_Rel1/bin/../lib/gcc/arm-none-eabi/13.2.1/../../../../arm-none-eabi/lib/thumb/v6-m/nofp/libg.a(libc_a-strlen-stub.o)
                0x10005490                strlen
 *(.fini)
 .fini          0x100054ec        0x4 /home/makoto/.pico-sdk/toolchain/13_2_Rel1/bin/../lib/gcc/arm-none-eabi/13.2.1/thumb/v6-m/nofp/crti.o
                0x100054ec                _fini
 .fini.__stub   0x100054f0       0xa0 linker stubs
 *crtbegin.o(.ctors)
 *crtbegin?.o(.ctors)
 *(EXCLUDE_FILE(*crtend.o *crtend?.o) .ctors)
 *(SORT_BY_NAME(.ctors.*))
 *(.ctors)
 *crtbegin.o(.dtors)
 *crtbegin?.o(.dtors)
 *(EXCLUDE_FILE(*crtend.o *crtend?.o) .dtors)
 *(SORT_BY_NAME(.dtors.*))
 *(.dtors)
                0x10005590                        . = ALIGN (0x4)
                0x10005590                        PROVIDE (__preinit_array_start = .)
 *(SORT_BY_NAME(.preinit_array.*))
 .preinit_array.00100
                0x10005590        0x4 src/CMakeFiles/Pico_Game_Controller.dir/home/makoto/.pico-sdk/sdk/2.0.0/src/rp2_common/pico_runtime_init/runtime_init.c.obj
                0x10005590                __pre_init_runtime_init_early_resets
 .preinit_array.00101
                0x10005594        0x4 src/CMakeFiles/Pico_Game_Controller.dir/home/makoto/.pico-sdk/sdk/2.0.0/src/rp2_common/pico_runtime_init/runtime_init.c.obj
                0x10005594                __pre_init_runtime_init_usb_power_down
 .preinit_array.00275
                0x10005598        0x4 src/CMakeFiles/Pico_Game_Controller.dir/home/makoto/.pico-sdk/sdk/2.0.0/src/rp2_common/pico_bit_ops/bit_ops_aeabi.S.obj
 .preinit_array.00300
                0x1000559c        0x4 src/CMakeFiles/Pico_Game_Controller.dir/home/makoto/.pico-sdk/sdk/2.0.0/src/rp2_common/pico_mem_ops/mem_ops_aeabi.S.obj
 .preinit_array.00350
                0x100055a0        0x4 src/CMakeFiles/Pico_Game_Controller.dir/home/makoto/.pico-sdk/sdk/2.0.0/src/rp2_common/pico_double/double_aeabi_rp2040.S.obj
 .preinit_array.00350
                0x100055a4        0x4 src/CMakeFiles/Pico_Game_Controller.dir/home/makoto/.pico-sdk/sdk/2.0.0/src/rp2_common/pico_float/float_aeabi_rp2040.S.obj
 .preinit_array.00500
                0x100055a8        0x4 src/CMakeFiles/Pico_Game_Controller.dir/home/makoto/.pico-sdk/sdk/2.0.0/src/rp2_common/pico_runtime_init/runtime_init.c.obj
                0x100055a8                __pre_init_runtime_init_clocks
 .preinit_array.00600
                0x100055ac        0x4 src/CMakeFiles/Pico_Game_Controller.dir/home/makoto/.pico-sdk/sdk/2.0.0/src/rp2_common/pico_runtime_init/runtime_init.c.obj
                0x100055ac                __pre_init_runtime_init_post_clock_resets
 .preinit_array.00700
                0x100055b0        0x4 src/CMakeFiles/Pico_Game_Controller.dir/home/makoto/.pico-sdk/sdk/2.0.0/src/rp2_common/pico_runtime_init/runtime_init.c.obj
                0x100055b0                __pre_init_runtime_init_rp2040_gpio_ie_disable
 .preinit_array.01000
                0x100055b4        0x4 src/CMakeFiles/Pico_Game_Controller.dir/home/makoto/.pico-sdk/sdk/2.0.0/src/rp2_common/pico_runtime_init/runtime_init.c.obj
                0x100055b4                __pre_init_runtime_init_spin_locks_reset
 .preinit_array.01100
                0x100055b8        0x4 src/CMakeFiles/Pico_Game_Controller.dir/home/makoto/.pico-sdk/sdk/2.0.0/src/common/pico_sync/mutex.c.obj
                0x100055b8                __pre_init_runtime_init_mutex
 .preinit_array.10080
                0x100055bc        0x4 src/CMakeFiles/Pico_Game_Controller.dir/home/makoto/.pico-sdk/sdk/2.0.0/src/rp2_common/pico_runtime_init/runtime_init.c.obj
                0x100055bc                __pre_init_runtime_init_install_ram_vector_table
 .preinit_array.11000
                0x100055c0        0x4 src/CMakeFiles/Pico_Game_Controller.dir/home/makoto/.pico-sdk/sdk/2.0.0/src/common/pico_time/time.c.obj
                0x100055c0                __pre_init_runtime_init_default_alarm_pool
 .preinit_array.YYYYY
                0x100055c4        0x4 src/CMakeFiles/Pico_Game_Controller.dir/home/makoto/.pico-sdk/sdk/2.0.0/src/rp2_common/pico_runtime/runtime.c.obj
                0x100055c4                __pre_init_first_per_core_initializer
 .preinit_array.ZZZZZ.01200
                0x100055c8        0x4 src/CMakeFiles/Pico_Game_Controller.dir/home/makoto/.pico-sdk/sdk/2.0.0/src/rp2_common/hardware_irq/irq.c.obj
                0x100055c8                __pre_init_runtime_init_per_core_irq_priorities
 *(.preinit_array)
                0x100055cc                        PROVIDE (__preinit_array_end = .)
                0x100055cc                        . = ALIGN (0x4)
                0x100055cc                        PROVIDE (__init_array_start = .)
 *(SORT_BY_NAME(.init_array.*))
 *(.init_array)
 .init_array    0x100055cc        0x4 /home/makoto/.pico-sdk/toolchain/13_2_Rel1/bin/../lib/gcc/arm-none-eabi/13.2.1/thumb/v6-m/nofp/crtbegin.o
 .init_array    0x100055d0        0x4 src/CMakeFiles/Pico_Game_Controller.dir/home/makoto/.pico-sdk/sdk/2.0.0/src/rp2_common/pico_unique_id/unique_id.c.obj
                0x100055d4                        PROVIDE (__init_array_end = .)
                0x100055d4                        . = ALIGN (0x4)
                [!provide]                        PROVIDE (__fini_array_start = .)
 *(SORT_BY_NAME(.fini_array.*))
 *(.fini_array)
                [!provide]                        PROVIDE (__fini_array_end = .)
 *(.eh_frame*)
 .eh_frame      0x100055d4        0x0 /home/makoto/.pico-sdk/toolchain/13_2_Rel1/bin/../lib/gcc/arm-none-eabi/13.2.1/thumb/v6-m/nofp/crtbegin.o
                0x100055d4                        . = ALIGN (0x4)

.glue_7         0x100055d4        0x0
 .glue_7        0x100055d4        0x0 linker stubs

.glue_7t        0x100055d4        0x0
 .glue_7t       0x100055d4        0x0 linker stubs

.vfp11_veneer   0x100055d4        0x0
 .vfp11_veneer  0x100055d4        0x0 linker stubs

.v4_bx          0x100055d4        0x0
 .v4_bx         0x100055d4        0x0 linker stubs

.iplt           0x100055d4        0x0
 .iplt          0x100055d4        0x0 /home/makoto/.pico-sdk/toolchain/13_2_Rel1/bin/../lib/gcc/arm-none-eabi/13.2.1/thumb/v6-m/nofp/crtbegin.o

.rodata         0x100055d4      0x4f4
 *(EXCLUDE_FILE(*libm.a: *libc.a:*lib_a-mem*.o *libgcc.a:) .rodata*)
 .rodata.selection_mode_decoration
                0x100055d4       0x34 src/CMakeFiles/Pico_Game_Controller.dir/pico_game_controller.c.obj
 .rodata.ws2812_program
                0x10005608        0x8 src/CMakeFiles/Pico_Game_Controller.dir/pico_game_controller.c.obj
 .rodata.ws2812_program_instructions
                0x10005610        0x8 src/CMakeFiles/Pico_Game_Controller.dir/pico_game_controller.c.obj
 .rodata.encoders_program
                0x10005618        0x8 src/CMakeFiles/Pico_Game_Controller.dir/pico_game_controller.c.obj
 .rodata.encoders_program_instructions
                0x10005620       0x2e src/CMakeFiles/Pico_Game_Controller.dir/pico_game_controller.c.obj
 *fill*         0x1000564e        0x2 
 .rodata.ENC_GPIO
                0x10005650        0x2 src/CMakeFiles/Pico_Game_Controller.dir/pico_game_controller.c.obj
                0x10005650                ENC_GPIO
 *fill*         0x10005652        0x2 
 .rodata.LED_GPIO
                0x10005654        0x7 src/CMakeFiles/Pico_Game_Controller.dir/pico_game_controller.c.obj
                0x10005654                LED_GPIO
 *fill*         0x1000565b        0x1 
 .rodata.SW_GPIO
                0x1000565c        0xa src/CMakeFiles/Pico_Game_Controller.dir/pico_game_controller.c.obj
                0x1000565c                SW_GPIO
 *fill*         0x10005666        0x2 
 .rodata.SW_KEYCODE
                0x10005668        0x9 src/CMakeFiles/Pico_Game_Controller.dir/pico_game_controller.c.obj
                0x10005668                SW_KEYCODE
 *fill*         0x10005671        0x3 
 .rodata.str1.4
                0x10005674      0x198 src/CMakeFiles/Pico_Game_Controller.dir/usb_descriptors.c.obj
                                 0x9c (size before relaxing)
 .rodata.__compound_literal.0
                0x1000580c        0x2 src/CMakeFiles/Pico_Game_Controller.dir/usb_descriptors.c.obj
 *fill*         0x1000580e        0x2 
 .rodata.desc_configuration_key
                0x10005810       0x22 src/CMakeFiles/Pico_Game_Controller.dir/usb_descriptors.c.obj
                0x10005810                desc_configuration_key
 *fill*         0x10005832        0x2 
 .rodata.desc_configuration_joy
                0x10005834       0x22 src/CMakeFiles/Pico_Game_Controller.dir/usb_descriptors.c.obj
                0x10005834                desc_configuration_joy
 *fill*         0x10005856        0x2 
 .rodata.desc_hid_report_key
                0x10005858       0x9c src/CMakeFiles/Pico_Game_Controller.dir/usb_descriptors.c.obj
                0x10005858                desc_hid_report_key
 .rodata.desc_hid_report_joy
                0x100058f4       0x54 src/CMakeFiles/Pico_Game_Controller.dir/usb_descriptors.c.obj
                0x100058f4                desc_hid_report_joy
 .rodata.desc_device_key
                0x10005948       0x12 src/CMakeFiles/Pico_Game_Controller.dir/usb_descriptors.c.obj
                0x10005948                desc_device_key
 *fill*         0x1000595a        0x2 
 .rodata.desc_device_joy
                0x1000595c       0x12 src/CMakeFiles/Pico_Game_Controller.dir/usb_descriptors.c.obj
                0x1000595c                desc_device_joy
 .rodata.timer_hardware_alarm_claim.str1.4
                0x1000596e       0x22 src/CMakeFiles/Pico_Game_Controller.dir/home/makoto/.pico-sdk/sdk/2.0.0/src/rp2_common/hardware_timer/timer.c.obj
 .rodata.panic.str1.4
                0x1000596e       0x12 src/CMakeFiles/Pico_Game_Controller.dir/home/makoto/.pico-sdk/sdk/2.0.0/src/rp2_common/pico_platform_panic/panic.c.obj
 .rodata.spin_lock_claim_unused.str1.4
                0x1000596e       0x1b src/CMakeFiles/Pico_Game_Controller.dir/home/makoto/.pico-sdk/sdk/2.0.0/src/rp2_common/hardware_sync/sync.c.obj
 .rodata.hard_assertion_failure.str1.4
                0x1000596e        0xc src/CMakeFiles/Pico_Game_Controller.dir/home/makoto/.pico-sdk/sdk/2.0.0/src/rp2_common/pico_runtime/runtime.c.obj
 .rodata.str1.4
                0x1000596e       0x3c src/CMakeFiles/Pico_Game_Controller.dir/home/makoto/.pico-sdk/sdk/2.0.0/src/rp2_common/pico_standard_binary_info/standard_binary_info.c.obj
 *fill*         0x1000596e        0x2 
 .rodata.__bi_84
                0x10005970        0xc src/CMakeFiles/Pico_Game_Controller.dir/home/makoto/.pico-sdk/sdk/2.0.0/src/rp2_common/pico_standard_binary_info/standard_binary_info.c.obj
 .rodata.__bi_54
                0x1000597c        0xc src/CMakeFiles/Pico_Game_Controller.dir/home/makoto/.pico-sdk/sdk/2.0.0/src/rp2_common/pico_standard_binary_info/standard_binary_info.c.obj
 .rodata.__bi_48
                0x10005988        0xc src/CMakeFiles/Pico_Game_Controller.dir/home/makoto/.pico-sdk/sdk/2.0.0/src/rp2_common/pico_standard_binary_info/standard_binary_info.c.obj
 .rodata.__bi_42
                0x10005994        0xc src/CMakeFiles/Pico_Game_Controller.dir/home/makoto/.pico-sdk/sdk/2.0.0/src/rp2_common/pico_standard_binary_info/standard_binary_info.c.obj
 .rodata.__bi_34
                0x100059a0        0xc src/CMakeFiles/Pico_Game_Controller.dir/home/makoto/.pico-sdk/sdk/2.0.0/src/rp2_common/pico_standard_binary_info/standard_binary_info.c.obj
 .rodata.__bi_26
                0x100059ac        0xc src/CMakeFiles/Pico_Game_Controller.dir/home/makoto/.pico-sdk/sdk/2.0.0/src/rp2_common/pico_standard_binary_info/standard_binary_info.c.obj
 .rodata.crlf_str.0
                0x100059b8        0x2 src/CMakeFiles/Pico_Game_Controller.dir/home/makoto/.pico-sdk/sdk/2.0.0/src/rp2_common/pico_stdio/stdio.c.obj
 .rodata.str1.4
                0x100059ba       0x14 src/CMakeFiles/Pico_Game_Controller.dir/home/makoto/.pico-sdk/sdk/2.0.0/lib/tinyusb/src/portable/raspberrypi/rp2040/dcd_rp2040.c.obj
 .rodata.str1.4
                0x100059ba       0x48 src/CMakeFiles/Pico_Game_Controller.dir/home/makoto/.pico-sdk/sdk/2.0.0/lib/tinyusb/src/portable/raspberrypi/rp2040/rp2040_usb.c.obj
 *fill*         0x100059ba        0x2 
 .rodata.tud_task_ext
                0x100059bc       0x8c src/CMakeFiles/Pico_Game_Controller.dir/home/makoto/.pico-sdk/sdk/2.0.0/lib/tinyusb/src/device/usbd.c.obj
 .rodata        0x10005a48       0x1c src/CMakeFiles/Pico_Game_Controller.dir/home/makoto/.pico-sdk/sdk/2.0.0/lib/tinyusb/src/device/usbd.c.obj
 .rodata._usbd_driver
                0x10005a64       0x20 src/CMakeFiles/Pico_Game_Controller.dir/home/makoto/.pico-sdk/sdk/2.0.0/lib/tinyusb/src/device/usbd.c.obj
 .rodata.hidd_control_xfer_cb
                0x10005a84       0x30 src/CMakeFiles/Pico_Game_Controller.dir/home/makoto/.pico-sdk/sdk/2.0.0/lib/tinyusb/src/class/hid/hid_device.c.obj
 .rodata.str1.4
                0x10005ab4        0x4 src/CMakeFiles/Pico_Game_Controller.dir/home/makoto/.pico-sdk/sdk/2.0.0/lib/tinyusb/hw/bsp/rp2040/family.c.obj
 .rodata.__bi_147.0
                0x10005ab4        0xc src/CMakeFiles/Pico_Game_Controller.dir/home/makoto/.pico-sdk/sdk/2.0.0/lib/tinyusb/hw/bsp/rp2040/family.c.obj
 .rodata.__bi_157.1
                0x10005ac0        0x8 src/CMakeFiles/Pico_Game_Controller.dir/home/makoto/.pico-sdk/sdk/2.0.0/lib/tinyusb/hw/bsp/rp2040/family.c.obj
                0x10005ac8                        . = ALIGN (0x4)
 *(SORT_BY_ALIGNMENT(SORT_BY_NAME(.flashdata*)))
                0x10005ac8                        . = ALIGN (0x4)

.ARM.extab
 *(.ARM.extab* .gnu.linkonce.armextab.*)
                0x10005ac8                        __exidx_start = .

.ARM.exidx
 *(.ARM.exidx* .gnu.linkonce.armexidx.*)
                0x10005ac8                        __exidx_end = .
                0x10005ac8                        . = ALIGN (0x4)
                0x10005ac8                        __binary_info_start = .

.binary_info    0x10005ac8       0x20
 *(.binary_info.keep.*)
 .binary_info.keep.__bi_ptr84
                0x10005ac8        0x4 src/CMakeFiles/Pico_Game_Controller.dir/home/makoto/.pico-sdk/sdk/2.0.0/src/rp2_common/pico_standard_binary_info/standard_binary_info.c.obj
 .binary_info.keep.__bi_ptr54
                0x10005acc        0x4 src/CMakeFiles/Pico_Game_Controller.dir/home/makoto/.pico-sdk/sdk/2.0.0/src/rp2_common/pico_standard_binary_info/standard_binary_info.c.obj
 .binary_info.keep.__bi_ptr48
                0x10005ad0        0x4 src/CMakeFiles/Pico_Game_Controller.dir/home/makoto/.pico-sdk/sdk/2.0.0/src/rp2_common/pico_standard_binary_info/standard_binary_info.c.obj
 .binary_info.keep.__bi_ptr42
                0x10005ad4        0x4 src/CMakeFiles/Pico_Game_Controller.dir/home/makoto/.pico-sdk/sdk/2.0.0/src/rp2_common/pico_standard_binary_info/standard_binary_info.c.obj
 .binary_info.keep.__bi_ptr34
                0x10005ad8        0x4 src/CMakeFiles/Pico_Game_Controller.dir/home/makoto/.pico-sdk/sdk/2.0.0/src/rp2_common/pico_standard_binary_info/standard_binary_info.c.obj
 .binary_info.keep.__bi_ptr26
                0x10005adc        0x4 src/CMakeFiles/Pico_Game_Controller.dir/home/makoto/.pico-sdk/sdk/2.0.0/src/rp2_common/pico_standard_binary_info/standard_binary_info.c.obj
 .binary_info.keep.__bi_ptr157
                0x10005ae0        0x4 src/CMakeFiles/Pico_Game_Controller.dir/home/makoto/.pico-sdk/sdk/2.0.0/lib/tinyusb/hw/bsp/rp2040/family.c.obj
 .binary_info.keep.__bi_ptr147
                0x10005ae4        0x4 src/CMakeFiles/Pico_Game_Controller.dir/home/makoto/.pico-sdk/sdk/2.0.0/lib/tinyusb/hw/bsp/rp2040/family.c.obj
 *(.binary_info.*)
                0x10005ae8                        __binary_info_end = .

.rel.dyn        0x10005ae8        0x0
 .rel.iplt      0x10005ae8        0x0 /home/makoto/.pico-sdk/toolchain/13_2_Rel1/bin/../lib/gcc/arm-none-eabi/13.2.1/thumb/v6-m/nofp/crtbegin.o
                0x10005ae8                        . = ALIGN (0x4)

.ram_vector_table
                0x20000000       0xc0
 *(.ram_vector_table)
 .ram_vector_table
                0x20000000       0xc0 src/CMakeFiles/Pico_Game_Controller.dir/home/makoto/.pico-sdk/sdk/2.0.0/src/rp2_common/pico_runtime_init/runtime_init.c.obj
                0x20000000                ram_vector_table

.uninitialized_data
                0x200000c0        0x0
                0x200000c0                        . = ALIGN (0x4)
 *(.uninitialized_data*)

.data           0x200000c0      0xfa8 load address 0x10005ae8
                0x200000c0                        __data_start__ = .
 *(vtable)
 *(.time_critical*)
 .time_critical.mutex_try_enter_block_until
                0x200000c0       0x9c src/CMakeFiles/Pico_Game_Controller.dir/home/makoto/.pico-sdk/sdk/2.0.0/src/common/pico_sync/mutex.c.obj
                0x200000c0                mutex_try_enter_block_until
 .time_critical.mutex_enter_timeout_ms
                0x2000015c       0x90 src/CMakeFiles/Pico_Game_Controller.dir/home/makoto/.pico-sdk/sdk/2.0.0/src/common/pico_sync/mutex.c.obj
                0x2000015c                mutex_enter_timeout_ms
 .time_critical.mutex_exit
                0x200001ec       0x28 src/CMakeFiles/Pico_Game_Controller.dir/home/makoto/.pico-sdk/sdk/2.0.0/src/common/pico_sync/mutex.c.obj
                0x200001ec                mutex_exit
 .time_critical.reset_non_control_endpoints
                0x20000214       0x68 src/CMakeFiles/Pico_Game_Controller.dir/home/makoto/.pico-sdk/sdk/2.0.0/lib/tinyusb/src/portable/raspberrypi/rp2040/dcd_rp2040.c.obj
 .time_critical.hw_handle_buff_status
                0x2000027c       0xb0 src/CMakeFiles/Pico_Game_Controller.dir/home/makoto/.pico-sdk/sdk/2.0.0/lib/tinyusb/src/portable/raspberrypi/rp2040/dcd_rp2040.c.obj
 .time_critical.dcd_rp2040_irq
                0x2000032c      0x578 src/CMakeFiles/Pico_Game_Controller.dir/home/makoto/.pico-sdk/sdk/2.0.0/lib/tinyusb/src/portable/raspberrypi/rp2040/dcd_rp2040.c.obj
 .time_critical.prepare_ep_buffer
                0x200008a4       0xe0 src/CMakeFiles/Pico_Game_Controller.dir/home/makoto/.pico-sdk/sdk/2.0.0/lib/tinyusb/src/portable/raspberrypi/rp2040/rp2040_usb.c.obj
 .time_critical.sync_ep_buffer
                0x20000984       0xa8 src/CMakeFiles/Pico_Game_Controller.dir/home/makoto/.pico-sdk/sdk/2.0.0/lib/tinyusb/src/portable/raspberrypi/rp2040/rp2040_usb.c.obj
 .time_critical._hw_endpoint_xfer_sync
                0x20000a2c       0x28 src/CMakeFiles/Pico_Game_Controller.dir/home/makoto/.pico-sdk/sdk/2.0.0/lib/tinyusb/src/portable/raspberrypi/rp2040/rp2040_usb.c.obj
 .time_critical.e15_is_bulkin_ep
                0x20000a54       0x28 src/CMakeFiles/Pico_Game_Controller.dir/home/makoto/.pico-sdk/sdk/2.0.0/lib/tinyusb/src/portable/raspberrypi/rp2040/rp2040_usb.c.obj
 .time_critical.e15_is_critical_frame_period
                0x20000a7c       0x34 src/CMakeFiles/Pico_Game_Controller.dir/home/makoto/.pico-sdk/sdk/2.0.0/lib/tinyusb/src/portable/raspberrypi/rp2040/rp2040_usb.c.obj
 .time_critical.hw_endpoint_reset_transfer
                0x20000ab0        0xc src/CMakeFiles/Pico_Game_Controller.dir/home/makoto/.pico-sdk/sdk/2.0.0/lib/tinyusb/src/portable/raspberrypi/rp2040/rp2040_usb.c.obj
                0x20000ab0                hw_endpoint_reset_transfer
 .time_critical._hw_endpoint_buffer_control_update32
                0x20000abc       0x50 src/CMakeFiles/Pico_Game_Controller.dir/home/makoto/.pico-sdk/sdk/2.0.0/lib/tinyusb/src/portable/raspberrypi/rp2040/rp2040_usb.c.obj
                0x20000abc                _hw_endpoint_buffer_control_update32
 .time_critical.hw_endpoint_start_next_buffer
                0x20000b0c       0x6c src/CMakeFiles/Pico_Game_Controller.dir/home/makoto/.pico-sdk/sdk/2.0.0/lib/tinyusb/src/portable/raspberrypi/rp2040/rp2040_usb.c.obj
                0x20000b0c                hw_endpoint_start_next_buffer
 .time_critical.hw_endpoint_xfer_continue
                0x20000b78       0x40 src/CMakeFiles/Pico_Game_Controller.dir/home/makoto/.pico-sdk/sdk/2.0.0/lib/tinyusb/src/portable/raspberrypi/rp2040/rp2040_usb.c.obj
                0x20000b78                hw_endpoint_xfer_continue
 .time_critical.tinyusb
                0x20000bb8      0x1e0 src/CMakeFiles/Pico_Game_Controller.dir/home/makoto/.pico-sdk/sdk/2.0.0/lib/tinyusb/src/device/usbd.c.obj
                0x20000bb8                dcd_event_handler
 .time_critical.flash_init_boot2_copyout
                0x20000d98       0x30 src/CMakeFiles/Pico_Game_Controller.dir/home/makoto/.pico-sdk/sdk/2.0.0/src/rp2_common/hardware_flash/flash.c.obj
 .time_critical.flash_enable_xip_via_boot2
                0x20000dc8        0xc src/CMakeFiles/Pico_Game_Controller.dir/home/makoto/.pico-sdk/sdk/2.0.0/src/rp2_common/hardware_flash/flash.c.obj
 .time_critical.flash_cs_force
                0x20000dd4       0x38 src/CMakeFiles/Pico_Game_Controller.dir/home/makoto/.pico-sdk/sdk/2.0.0/src/rp2_common/hardware_flash/flash.c.obj
 .time_critical.flash_do_cmd
                0x20000e0c       0xc0 src/CMakeFiles/Pico_Game_Controller.dir/home/makoto/.pico-sdk/sdk/2.0.0/src/rp2_common/hardware_flash/flash.c.obj
                0x20000e0c                flash_do_cmd
 *(.text*)
 .text          0x20000ecc        0x4 /home/makoto/.pico-sdk/toolchain/13_2_Rel1/bin/../lib/gcc/arm-none-eabi/13.2.1/thumb/v6-m/nofp/libgcc.a(_dvmd_tls.o)
                0x20000ecc                __aeabi_ldiv0
                0x20000ecc                __aeabi_idiv0
 .text.__stub   0x20000ed0       0x80 linker stubs
                0x20000f50                        . = ALIGN (0x4)
 *(.rodata*)
                0x20000f50                        . = ALIGN (0x4)
 *(.data*)
 .data.joy_mode_check
                0x20000f50        0x1 src/CMakeFiles/Pico_Game_Controller.dir/pico_game_controller.c.obj
                0x20000f50                joy_mode_check
 *fill*         0x20000f51        0x3 
 .data.string_desc_arr
                0x20000f54       0x44 src/CMakeFiles/Pico_Game_Controller.dir/usb_descriptors.c.obj
                0x20000f54                string_desc_arr
 .data.default_alarm_pool
                0x20000f98       0x18 src/CMakeFiles/Pico_Game_Controller.dir/home/makoto/.pico-sdk/sdk/2.0.0/src/common/pico_time/time.c.obj
 .data.striped_spin_lock_num
                0x20000fb0        0x1 src/CMakeFiles/Pico_Game_Controller.dir/home/makoto/.pico-sdk/sdk/2.0.0/src/rp2_common/hardware_sync/sync.c.obj
 *fill*         0x20000fb1        0x3 
 .data          0x20000fb4       0x48 src/CMakeFiles/Pico_Game_Controller.dir/home/makoto/.pico-sdk/sdk/2.0.0/src/rp2_common/hardware_irq/irq_handler_chain.S.obj
                0x20000fb4                irq_handler_chain_slots
                0x20000fe4                irq_handler_chain_first_slot
                0x20000fee                irq_handler_chain_remove_tail
 *fill*         0x20000ffc        0x4 
 .data.aeabi_bits_funcs
                0x20001000       0x10 src/CMakeFiles/Pico_Game_Controller.dir/home/makoto/.pico-sdk/sdk/2.0.0/src/rp2_common/pico_bit_ops/bit_ops_aeabi.S.obj
                0x20001000                aeabi_bits_funcs
                0x20001010                aeabi_bits_funcs_end
 .data.aeabi_mem_funcs
                0x20001010       0x10 src/CMakeFiles/Pico_Game_Controller.dir/home/makoto/.pico-sdk/sdk/2.0.0/src/rp2_common/pico_mem_ops/mem_ops_aeabi.S.obj
                0x20001010                aeabi_mem_funcs
                0x20001020                aeabi_mem_funcs_end
 .data.stdio_uart
                0x20001020       0x18 src/CMakeFiles/Pico_Game_Controller.dir/home/makoto/.pico-sdk/sdk/2.0.0/src/rp2_common/pico_stdio_uart/stdio_uart.c.obj
                0x20001020                stdio_uart
 .data._usbd_qdef
                0x20001038       0x1c src/CMakeFiles/Pico_Game_Controller.dir/home/makoto/.pico-sdk/sdk/2.0.0/lib/tinyusb/src/device/usbd.c.obj
                0x20001038                _usbd_qdef
 .data._usbd_rhport
                0x20001054        0x1 src/CMakeFiles/Pico_Game_Controller.dir/home/makoto/.pico-sdk/sdk/2.0.0/lib/tinyusb/src/device/usbd.c.obj
                0x20001058                        . = ALIGN (0x4)
 *fill*         0x20001055        0x3 
 *(.after_data.*)
                0x20001058                        . = ALIGN (0x4)
                0x20001058                        PROVIDE (__mutex_array_start = .)
 *(SORT_BY_NAME(.mutex_array.*))
 *(.mutex_array)
 .mutex_array   0x20001058        0x8 src/CMakeFiles/Pico_Game_Controller.dir/home/makoto/.pico-sdk/sdk/2.0.0/src/rp2_common/pico_malloc/malloc.c.obj
 .mutex_array   0x20001060        0x8 src/CMakeFiles/Pico_Game_Controller.dir/home/makoto/.pico-sdk/sdk/2.0.0/src/rp2_common/pico_stdio/stdio.c.obj
                0x20001068                        PROVIDE (__mutex_array_end = .)
                0x20001068                        . = ALIGN (0x4)
 *(.jcr)
                0x20001068                        . = ALIGN (0x4)

.tm_clone_table
                0x20001068        0x0 load address 0x10006a90
 .tm_clone_table
                0x20001068        0x0 /home/makoto/.pico-sdk/toolchain/13_2_Rel1/bin/../lib/gcc/arm-none-eabi/13.2.1/thumb/v6-m/nofp/crtbegin.o
 .tm_clone_table
                0x20001068        0x0 /home/makoto/.pico-sdk/toolchain/13_2_Rel1/bin/../lib/gcc/arm-none-eabi/13.2.1/thumb/v6-m/nofp/crtend.o

.igot.plt       0x20001068        0x0 load address 0x10006a90
 .igot.plt      0x20001068        0x0 /home/makoto/.pico-sdk/toolchain/13_2_Rel1/bin/../lib/gcc/arm-none-eabi/13.2.1/thumb/v6-m/nofp/crtbegin.o

.tdata          0x20001068        0x0 load address 0x10006a90
                0x20001068                        . = ALIGN (0x4)
 *(.tdata .tdata.* .gnu.linkonce.td.*)
                0x20001068                        __tdata_end = .
                0x20001068                        PROVIDE (__data_end__ = .)
                0x10005ae8                        __etext = LOADADDR (.data)

.tbss           0x20001068        0x0 load address 0x10006a90
                0x20001068                        . = ALIGN (0x4)
                0x20001068                        __bss_start__ = .
                0x20001068                        __tls_base = .
 *(.tbss .tbss.* .gnu.linkonce.tb.*)
 *(.tcommon)
                0x20001068                        __tls_end = .

.bss            0x20001068      0xcbc load address 0x10006a90
                0x20001068                        . = ALIGN (0x4)
                0x20001068                        __tbss_end = .
 *(SORT_BY_ALIGNMENT(SORT_BY_NAME(.bss*)))
 .bss.default_alarm_pool_entries
                0x20001068      0x180 src/CMakeFiles/Pico_Game_Controller.dir/home/makoto/.pico-sdk/sdk/2.0.0/src/common/pico_time/time.c.obj
 .bss.enc_val   0x200011e8        0x8 src/CMakeFiles/Pico_Game_Controller.dir/pico_game_controller.c.obj
                0x200011e8                enc_val
 .bss.prev_enc_val
                0x200011f0        0x8 src/CMakeFiles/Pico_Game_Controller.dir/pico_game_controller.c.obj
                0x200011f0                prev_enc_val
 .bss.reactive_timeout_timestamp
                0x200011f8        0x8 src/CMakeFiles/Pico_Game_Controller.dir/pico_game_controller.c.obj
                0x200011f8                reactive_timeout_timestamp
 .bss.sd_table  0x20001200      0x100 src/CMakeFiles/Pico_Game_Controller.dir/home/makoto/.pico-sdk/sdk/2.0.0/src/rp2_common/pico_double/double_init_rom_rp2040.c.obj
                0x20001200                sd_table
 .bss.sf_table  0x20001300      0x100 src/CMakeFiles/Pico_Game_Controller.dir/home/makoto/.pico-sdk/sdk/2.0.0/src/rp2_common/pico_float/float_init_rom_rp2040.c.obj
                0x20001300                sf_table
 .bss.sw_timestamp
                0x20001400       0x50 src/CMakeFiles/Pico_Game_Controller.dir/pico_game_controller.c.obj
                0x20001400                sw_timestamp
 .bss.SW2_state
                0x20001450        0x4 src/CMakeFiles/Pico_Game_Controller.dir/pico_game_controller.c.obj
                0x20001450                SW2_state
 .bss.SW3_state
                0x20001454        0x4 src/CMakeFiles/Pico_Game_Controller.dir/pico_game_controller.c.obj
                0x20001454                SW3_state
 .bss._app_driver
                0x20001458        0x4 src/CMakeFiles/Pico_Game_Controller.dir/home/makoto/.pico-sdk/sdk/2.0.0/lib/tinyusb/src/device/usbd.c.obj
 .bss._ctrl_xfer
                0x2000145c       0x14 src/CMakeFiles/Pico_Game_Controller.dir/home/makoto/.pico-sdk/sdk/2.0.0/lib/tinyusb/src/device/usbd_control.c.obj
 .bss._desc_str
                0x20001470       0x80 src/CMakeFiles/Pico_Game_Controller.dir/usb_descriptors.c.obj
 .bss._hidd_itf
                0x200014f0       0xcc src/CMakeFiles/Pico_Game_Controller.dir/home/makoto/.pico-sdk/sdk/2.0.0/lib/tinyusb/src/class/hid/hid_device.c.obj
 .bss._ubsd_mutexdef
                0x200015bc        0x8 src/CMakeFiles/Pico_Game_Controller.dir/home/makoto/.pico-sdk/sdk/2.0.0/lib/tinyusb/src/device/usbd.c.obj
 .bss._usbd_ctrl_buf
                0x200015c4       0x40 src/CMakeFiles/Pico_Game_Controller.dir/home/makoto/.pico-sdk/sdk/2.0.0/lib/tinyusb/src/device/usbd_control.c.obj
 .bss._usbd_dev
                0x20001604       0x54 src/CMakeFiles/Pico_Game_Controller.dir/home/makoto/.pico-sdk/sdk/2.0.0/lib/tinyusb/src/device/usbd.c.obj
 .bss._usbd_mutex
                0x20001658        0x4 src/CMakeFiles/Pico_Game_Controller.dir/home/makoto/.pico-sdk/sdk/2.0.0/lib/tinyusb/src/device/usbd.c.obj
 .bss._usbd_q   0x2000165c        0x4 src/CMakeFiles/Pico_Game_Controller.dir/home/makoto/.pico-sdk/sdk/2.0.0/lib/tinyusb/src/device/usbd.c.obj
 .bss._usbd_qdef_buf
                0x20001660       0xc0 src/CMakeFiles/Pico_Game_Controller.dir/home/makoto/.pico-sdk/sdk/2.0.0/lib/tinyusb/src/device/usbd.c.obj
                0x20001660                _usbd_qdef_buf
 .bss._used_instruction_space
                0x20001720        0x8 src/CMakeFiles/Pico_Game_Controller.dir/home/makoto/.pico-sdk/sdk/2.0.0/src/rp2_common/hardware_pio/pio.c.obj
 .bss.boot2_copyout
                0x20001728      0x100 src/CMakeFiles/Pico_Game_Controller.dir/home/makoto/.pico-sdk/sdk/2.0.0/src/rp2_common/hardware_flash/flash.c.obj
 .bss.chars_available_callback
                0x20001828        0x4 src/CMakeFiles/Pico_Game_Controller.dir/home/makoto/.pico-sdk/sdk/2.0.0/src/rp2_common/pico_stdio_uart/stdio_uart.c.obj
 .bss.chars_available_param
                0x2000182c        0x4 src/CMakeFiles/Pico_Game_Controller.dir/home/makoto/.pico-sdk/sdk/2.0.0/src/rp2_common/pico_stdio_uart/stdio_uart.c.obj
 .bss.claimed   0x20001830        0x1 src/CMakeFiles/Pico_Game_Controller.dir/home/makoto/.pico-sdk/sdk/2.0.0/src/rp2_common/hardware_timer/timer.c.obj
 *fill*         0x20001831        0x3 
 .bss.claimed   0x20001834        0x4 src/CMakeFiles/Pico_Game_Controller.dir/home/makoto/.pico-sdk/sdk/2.0.0/src/rp2_common/hardware_sync/sync.c.obj
 .bss.configured_freq
                0x20001838       0x28 src/CMakeFiles/Pico_Game_Controller.dir/home/makoto/.pico-sdk/sdk/2.0.0/src/rp2_common/hardware_clocks/clocks.c.obj
 .bss.cur_enc_val
                0x20001860        0x8 src/CMakeFiles/Pico_Game_Controller.dir/pico_game_controller.c.obj
                0x20001860                cur_enc_val
 .bss.debounce_mode
                0x20001868        0x4 src/CMakeFiles/Pico_Game_Controller.dir/pico_game_controller.c.obj
                0x20001868                debounce_mode
 .bss.drivers   0x2000186c        0x4 src/CMakeFiles/Pico_Game_Controller.dir/home/makoto/.pico-sdk/sdk/2.0.0/src/rp2_common/pico_stdio/stdio.c.obj
 .bss.e15_last_sof
                0x20001870        0x4 src/CMakeFiles/Pico_Game_Controller.dir/home/makoto/.pico-sdk/sdk/2.0.0/lib/tinyusb/src/portable/raspberrypi/rp2040/rp2040_usb.c.obj
                0x20001870                e15_last_sof
 .bss.filter    0x20001874        0x4 src/CMakeFiles/Pico_Game_Controller.dir/home/makoto/.pico-sdk/sdk/2.0.0/src/rp2_common/pico_stdio/stdio.c.obj
 .bss.hw_endpoints
                0x20001878      0x400 src/CMakeFiles/Pico_Game_Controller.dir/home/makoto/.pico-sdk/sdk/2.0.0/lib/tinyusb/src/portable/raspberrypi/rp2040/dcd_rp2040.c.obj
 .bss.lazy_vsnprintf
                0x20001c78        0x4 src/CMakeFiles/Pico_Game_Controller.dir/home/makoto/.pico-sdk/sdk/2.0.0/src/rp2_common/pico_printf/printf.c.obj
 .bss.lights_report
                0x20001c7c        0xd src/CMakeFiles/Pico_Game_Controller.dir/pico_game_controller.c.obj
                0x20001c7c                lights_report
 *fill*         0x20001c89        0x3 
 .bss.loop_mode
                0x20001c8c        0x4 src/CMakeFiles/Pico_Game_Controller.dir/pico_game_controller.c.obj
                0x20001c8c                loop_mode
 .bss.next_buffer_ptr
                0x20001c90        0x4 src/CMakeFiles/Pico_Game_Controller.dir/home/makoto/.pico-sdk/sdk/2.0.0/lib/tinyusb/src/portable/raspberrypi/rp2040/dcd_rp2040.c.obj
 .bss.object.0  0x20001c94       0x18 /home/makoto/.pico-sdk/toolchain/13_2_Rel1/bin/../lib/gcc/arm-none-eabi/13.2.1/thumb/v6-m/nofp/crtbegin.o
 .bss.pio       0x20001cac        0x4 src/CMakeFiles/Pico_Game_Controller.dir/pico_game_controller.c.obj
                0x20001cac                pio
 .bss.pio_1     0x20001cb0        0x4 src/CMakeFiles/Pico_Game_Controller.dir/pico_game_controller.c.obj
                0x20001cb0                pio_1
 .bss.pools     0x20001cb4       0x10 src/CMakeFiles/Pico_Game_Controller.dir/home/makoto/.pico-sdk/sdk/2.0.0/src/common/pico_time/time.c.obj
 .bss.prev_sw_val
                0x20001cc4        0xa src/CMakeFiles/Pico_Game_Controller.dir/pico_game_controller.c.obj
                0x20001cc4                prev_sw_val
 *fill*         0x20001cce        0x2 
 .bss.report    0x20001cd0        0x4 src/CMakeFiles/Pico_Game_Controller.dir/pico_game_controller.c.obj
                0x20001cd0                report
 .bss.retrieved_id
                0x20001cd4        0x8 src/CMakeFiles/Pico_Game_Controller.dir/home/makoto/.pico-sdk/sdk/2.0.0/src/rp2_common/pico_unique_id/unique_id.c.obj
 .bss.sf_clz_func
                0x20001cdc        0x4 src/CMakeFiles/Pico_Game_Controller.dir/home/makoto/.pico-sdk/sdk/2.0.0/src/rp2_common/pico_double/double_init_rom_rp2040.c.obj
                0x20001cdc                sf_clz_func
 .bss.sleep_notifier
                0x20001ce0        0x4 src/CMakeFiles/Pico_Game_Controller.dir/home/makoto/.pico-sdk/sdk/2.0.0/src/common/pico_time/time.c.obj
 .bss.turbo_cur_enc_val
                0x20001ce4        0x8 src/CMakeFiles/Pico_Game_Controller.dir/pico_game_controller.c.obj
                0x20001ce4                turbo_cur_enc_val
 .bss.turbo_lights_brightness
                0x20001cec        0x8 src/CMakeFiles/Pico_Game_Controller.dir/pico_game_controller.c.obj
                0x20001cec                turbo_lights_brightness
 .bss.turbo_lights_idle
                0x20001cf4        0x8 src/CMakeFiles/Pico_Game_Controller.dir/pico_game_controller.c.obj
                0x20001cf4                turbo_lights_idle
 .bss.turbo_lights_pos
                0x20001cfc        0x8 src/CMakeFiles/Pico_Game_Controller.dir/pico_game_controller.c.obj
                0x20001cfc                turbo_lights_pos
 .bss.turbo_prev_enc_val
                0x20001d04        0x8 src/CMakeFiles/Pico_Game_Controller.dir/pico_game_controller.c.obj
                0x20001d04                turbo_prev_enc_val
 .bss.uart_char_to_line_feed
                0x20001d0c        0x4 src/CMakeFiles/Pico_Game_Controller.dir/home/makoto/.pico-sdk/sdk/2.0.0/src/rp2_common/hardware_uart/uart.c.obj
                0x20001d0c                uart_char_to_line_feed
 .bss.uart_inst
                0x20001d10        0x4 src/CMakeFiles/Pico_Game_Controller.dir/home/makoto/.pico-sdk/sdk/2.0.0/lib/tinyusb/hw/bsp/rp2040/family.c.obj
 .bss.uart_instance
                0x20001d14        0x4 src/CMakeFiles/Pico_Game_Controller.dir/home/makoto/.pico-sdk/sdk/2.0.0/src/rp2_common/pico_stdio_uart/stdio_uart.c.obj
 .bss.ws2812b_mode
                0x20001d18        0x4 src/CMakeFiles/Pico_Game_Controller.dir/pico_game_controller.c.obj
                0x20001d18                ws2812b_mode
 .bss._app_driver_count
                0x20001d1c        0x1 src/CMakeFiles/Pico_Game_Controller.dir/home/makoto/.pico-sdk/sdk/2.0.0/lib/tinyusb/src/device/usbd.c.obj
 .bss._sof_enable
                0x20001d1d        0x1 src/CMakeFiles/Pico_Game_Controller.dir/home/makoto/.pico-sdk/sdk/2.0.0/lib/tinyusb/src/portable/raspberrypi/rp2040/dcd_rp2040.c.obj
 .bss._usbd_queued_setup
                0x20001d1e        0x1 src/CMakeFiles/Pico_Game_Controller.dir/home/makoto/.pico-sdk/sdk/2.0.0/lib/tinyusb/src/device/usbd.c.obj
 .bss.boot2_copyout_valid
                0x20001d1f        0x1 src/CMakeFiles/Pico_Game_Controller.dir/home/makoto/.pico-sdk/sdk/2.0.0/src/rp2_common/hardware_flash/flash.c.obj
 .bss.irq_handler_chain_free_slot_head
                0x20001d20        0x1 src/CMakeFiles/Pico_Game_Controller.dir/home/makoto/.pico-sdk/sdk/2.0.0/src/rp2_common/hardware_irq/irq.c.obj
 .bss.kbm_report
                0x20001d21        0x1 src/CMakeFiles/Pico_Game_Controller.dir/pico_game_controller.c.obj
                0x20001d21                kbm_report
 *(COMMON)
                0x20001d24                        . = ALIGN (0x4)
 *fill*         0x20001d22        0x2 
                0x20001d24                        __bss_end__ = .

.heap           0x20001d24    0x3e2dc load address 0x10006a90
                0x20001d24                        __end__ = .
                0x20001d24                        end = __end__
 *(.heap*)
 .heap          0x20001d24      0x800 src/CMakeFiles/Pico_Game_Controller.dir/home/makoto/.pico-sdk/sdk/2.0.0/src/rp2_common/pico_crt0/crt0.S.obj
                0x20040000                        . = (ORIGIN (RAM) + LENGTH (RAM))
 *fill*         0x20002524    0x3dadc 
                0x20040000                        __HeapLimit = .

.scratch_x      0x20040000        0x0 load address 0x10006a90
                0x20040000                        __scratch_x_start__ = .
 *(.scratch_x.*)
                0x20040000                        . = ALIGN (0x4)
                0x20040000                        __scratch_x_end__ = .
                0x10006a90                        __scratch_x_source__ = LOADADDR (.scratch_x)

.scratch_y      0x20041000        0x0 load address 0x10006a90
                0x20041000                        __scratch_y_start__ = .
 *(.scratch_y.*)
                0x20041000                        . = ALIGN (0x4)
                0x20041000                        __scratch_y_end__ = .
                0x10006a90                        __scratch_y_source__ = LOADADDR (.scratch_y)

.stack1_dummy   0x20040000      0x800
 *(.stack1*)
 .stack1        0x20040000      0x800 src/CMakeFiles/Pico_Game_Controller.dir/home/makoto/.pico-sdk/sdk/2.0.0/src/rp2_common/pico_multicore/multicore.c.obj

.stack_dummy    0x20041000      0x800
 *(.stack*)
 .stack         0x20041000      0x800 src/CMakeFiles/Pico_Game_Controller.dir/home/makoto/.pico-sdk/sdk/2.0.0/src/rp2_common/pico_crt0/crt0.S.obj

.flash_end      0x10006a90        0x0
 *(.embedded_end_block*)
                0x10006a90                        PROVIDE (__flash_binary_end = .)
                0x20040000                        __StackLimit = (ORIGIN (RAM) + LENGTH (RAM))
                0x20041000                        __StackOneTop = (ORIGIN (SCRATCH_X) + LENGTH (SCRATCH_X))
                0x20042000                        __StackTop = (ORIGIN (SCRATCH_Y) + LENGTH (SCRATCH_Y))
                0x20040800                        __StackOneBottom = (__StackOneTop - SIZEOF (.stack1_dummy))
                0x20041800                        __StackBottom = (__StackTop - SIZEOF (.stack_dummy))
                0x20042000                        PROVIDE (__stack = __StackTop)
                [!provide]                        PROVIDE (__heap_start = __end__)
                [!provide]                        PROVIDE (__heap_end = __HeapLimit)
                [!provide]                        PROVIDE (__tls_align = MAX (ALIGNOF (.tdata), ALIGNOF (.tbss)))
                [!provide]                        PROVIDE (__tls_size_align = (((__tls_size + __tls_align) - 0x1) & ~ ((__tls_align - 0x1))))
                [!provide]                        PROVIDE (__arm32_tls_tcb_offset = MAX (0x8, __tls_align))
                [!provide]                        PROVIDE (_end = __end__)
                [!provide]                        PROVIDE (__llvm_libc_heap_limit = __HeapLimit)
                0x00000001                        ASSERT ((__StackLimit >= __HeapLimit), region RAM overflowed)
                0x00000001                        ASSERT (((__binary_info_header_end - __logical_binary_start) <= 0x100), Binary info must be in first 256 bytes of the binary)
LOAD src/CMakeFiles/Pico_Game_Controller.dir/pico_game_controller.c.obj
LOAD src/CMakeFiles/Pico_Game_Controller.dir/usb_descriptors.c.obj
LOAD src/CMakeFiles/Pico_Game_Controller.dir/home/makoto/.pico-sdk/sdk/2.0.0/src/rp2_common/pico_multicore/multicore.c.obj
LOAD src/CMakeFiles/Pico_Game_Controller.dir/home/makoto/.pico-sdk/sdk/2.0.0/src/common/pico_sync/sem.c.obj
LOAD src/CMakeFiles/Pico_Game_Controller.dir/home/makoto/.pico-sdk/sdk/2.0.0/src/common/pico_sync/lock_core.c.obj
LOAD src/CMakeFiles/Pico_Game_Controller.dir/home/makoto/.pico-sdk/sdk/2.0.0/src/common/pico_sync/mutex.c.obj
LOAD src/CMakeFiles/Pico_Game_Controller.dir/home/makoto/.pico-sdk/sdk/2.0.0/src/common/pico_sync/critical_section.c.obj
LOAD src/CMakeFiles/Pico_Game_Controller.dir/home/makoto/.pico-sdk/sdk/2.0.0/src/common/pico_time/time.c.obj
LOAD src/CMakeFiles/Pico_Game_Controller.dir/home/makoto/.pico-sdk/sdk/2.0.0/src/common/pico_time/timeout_helper.c.obj